Component: ARM Compiler 5.06 update 7 (build 960) Tool: armlink [4d3601]

==============================================================================

Section Cross References

    startup_stm32h743xx.o(RESET) refers to startup_stm32h743xx.o(STACK) for __initial_sp
    startup_stm32h743xx.o(RESET) refers to startup_stm32h743xx.o(.text) for Reset_Handler
    startup_stm32h743xx.o(RESET) refers to stm32h7xx_it.o(i.NMI_Handler) for NMI_Handler
    startup_stm32h743xx.o(RESET) refers to stm32h7xx_it.o(i.HardFault_Handler) for HardFault_Handler
    startup_stm32h743xx.o(RESET) refers to stm32h7xx_it.o(i.MemManage_Handler) for MemManage_Handler
    startup_stm32h743xx.o(RESET) refers to stm32h7xx_it.o(i.BusFault_Handler) for BusFault_Handler
    startup_stm32h743xx.o(RESET) refers to stm32h7xx_it.o(i.UsageFault_Handler) for UsageFault_Handler
    startup_stm32h743xx.o(RESET) refers to port.o(.emb_text) for SVC_Handler
    startup_stm32h743xx.o(RESET) refers to stm32h7xx_it.o(i.DebugMon_Handler) for DebugMon_Handler
    startup_stm32h743xx.o(RESET) refers to port.o(i.SysTick_Handler) for SysTick_Handler
    startup_stm32h743xx.o(RESET) refers to stm32h7xx_it.o(i.TIM17_IRQHandler) for TIM17_IRQHandler
    startup_stm32h743xx.o(.text) refers to system_stm32h7xx.o(i.SystemInit) for SystemInit
    startup_stm32h743xx.o(.text) refers to entry.o(.ARM.Collect$$$$00000000) for __main
    pushbutton.o(i.button_kernel) refers to stm32h7xx_hal_gpio.o(i.HAL_GPIO_ReadPin) for HAL_GPIO_ReadPin
    pushbutton.o(i.button_kernel) refers to cmsis_os.o(i.osMessagePut) for osMessagePut
    pushbutton.o(i.button_kernel) refers to printf1.o(i.__0printf$1) for __2printf
    pushbutton.o(i.button_kernel) refers to main.o(i.Error_Handler) for Error_Handler
    pushbutton.o(i.button_kernel) refers to freertos.o(.data) for pushButtonQueueHandle
    pushbutton.o(i.pushButtonQueueProcess) refers to cmsis_os.o(i.osMessageGet) for osMessageGet
    pushbutton.o(i.pushButtonQueueProcess) refers to printf1.o(i.__0printf$1) for __2printf
    pushbutton.o(i.pushButtonQueueProcess) refers to freertos.o(.data) for pushButtonQueueHandle
    main.o(i.HAL_TIM_PeriodElapsedCallback) refers to stm32h7xx_hal.o(i.HAL_IncTick) for HAL_IncTick
    main.o(i.PeriphCommonClock_Config) refers to memseta.o(.text) for __aeabi_memclr4
    main.o(i.PeriphCommonClock_Config) refers to stm32h7xx_hal_rcc_ex.o(i.HAL_RCCEx_PeriphCLKConfig) for HAL_RCCEx_PeriphCLKConfig
    main.o(i.SystemClock_Config) refers to memseta.o(.text) for __aeabi_memclr4
    main.o(i.SystemClock_Config) refers to stm32h7xx_hal_pwr_ex.o(i.HAL_PWREx_ConfigSupply) for HAL_PWREx_ConfigSupply
    main.o(i.SystemClock_Config) refers to stm32h7xx_hal_rcc.o(i.HAL_RCC_OscConfig) for HAL_RCC_OscConfig
    main.o(i.SystemClock_Config) refers to stm32h7xx_hal_rcc.o(i.HAL_RCC_ClockConfig) for HAL_RCC_ClockConfig
    main.o(i.main) refers to stm32h7xx_hal_cortex.o(i.HAL_MPU_Disable) for HAL_MPU_Disable
    main.o(i.main) refers to stm32h7xx_hal_cortex.o(i.HAL_MPU_ConfigRegion) for HAL_MPU_ConfigRegion
    main.o(i.main) refers to stm32h7xx_hal_cortex.o(i.HAL_MPU_Enable) for HAL_MPU_Enable
    main.o(i.main) refers to stm32h7xx_hal.o(i.HAL_Init) for HAL_Init
    main.o(i.main) refers to main.o(i.SystemClock_Config) for SystemClock_Config
    main.o(i.main) refers to main.o(i.PeriphCommonClock_Config) for PeriphCommonClock_Config
    main.o(i.main) refers to gpio.o(i.MX_GPIO_Init) for MX_GPIO_Init
    main.o(i.main) refers to usart.o(i.MX_LPUART1_UART_Init) for MX_LPUART1_UART_Init
    main.o(i.main) refers to usart.o(i.MX_USART3_UART_Init) for MX_USART3_UART_Init
    main.o(i.main) refers to i2c.o(i.MX_I2C1_Init) for MX_I2C1_Init
    main.o(i.main) refers to usart.o(i.MX_UART4_Init) for MX_UART4_Init
    main.o(i.main) refers to usart.o(i.MX_USART6_UART_Init) for MX_USART6_UART_Init
    main.o(i.main) refers to tim.o(i.MX_TIM2_Init) for MX_TIM2_Init
    main.o(i.main) refers to adc.o(i.MX_ADC1_Init) for MX_ADC1_Init
    main.o(i.main) refers to i2c.o(i.MX_I2C3_Init) for MX_I2C3_Init
    main.o(i.main) refers to usart.o(i.MX_USART2_UART_Init) for MX_USART2_UART_Init
    main.o(i.main) refers to spi.o(i.MX_SPI1_Init) for MX_SPI1_Init
    main.o(i.main) refers to tim.o(i.MX_TIM3_Init) for MX_TIM3_Init
    main.o(i.main) refers to stm32h7xx_hal_uart.o(i.HAL_UART_Transmit) for HAL_UART_Transmit
    main.o(i.main) refers to freertos.o(i.MX_FREERTOS_Init) for MX_FREERTOS_Init
    main.o(i.main) refers to cmsis_os.o(i.osKernelStart) for osKernelStart
    main.o(i.main) refers to usart.o(.bss) for hlpuart1
    gpio.o(i.MX_GPIO_Init) refers to memseta.o(.text) for __aeabi_memclr4
    gpio.o(i.MX_GPIO_Init) refers to stm32h7xx_hal_gpio.o(i.HAL_GPIO_WritePin) for HAL_GPIO_WritePin
    gpio.o(i.MX_GPIO_Init) refers to stm32h7xx_hal_gpio.o(i.HAL_GPIO_Init) for HAL_GPIO_Init
    freertos.o(i.MX_FREERTOS_Init) refers to cmsis_os.o(i.osMessageCreate) for osMessageCreate
[...]
    i.TIM_TI1_SetConfig                      0x08004c48   Section        0  stm32h7xx_hal_tim.o(i.TIM_TI1_SetConfig)
    i.TIM_TI2_ConfigInputStage               0x08004cc8   Section        0  stm32h7xx_hal_tim.o(i.TIM_TI2_ConfigInputStage)
    TIM_TI2_ConfigInputStage                 0x08004cc9   Thumb Code    36  stm32h7xx_hal_tim.o(i.TIM_TI2_ConfigInputStage)
    i.TIM_TI2_SetConfig                      0x08004cec   Section        0  stm32h7xx_hal_tim.o(i.TIM_TI2_SetConfig)
    TIM_TI2_SetConfig                        0x08004ced   Thumb Code    54  stm32h7xx_hal_tim.o(i.TIM_TI2_SetConfig)
    i.UARTEx_SetNbDataToProcess              0x08004d24   Section        0  stm32h7xx_hal_uart_ex.o(i.UARTEx_SetNbDataToProcess)
    UARTEx_SetNbDataToProcess                0x08004d25   Thumb Code    62  stm32h7xx_hal_uart_ex.o(i.UARTEx_SetNbDataToProcess)
    i.UART_AdvFeatureConfig                  0x08004d68   Section        0  stm32h7xx_hal_uart.o(i.UART_AdvFeatureConfig)
    i.UART_CheckIdleState                    0x08004e30   Section        0  stm32h7xx_hal_uart.o(i.UART_CheckIdleState)
    i.UART_EndRxTransfer                     0x08004edc   Section        0  stm32h7xx_hal_uart.o(i.UART_EndRxTransfer)
    UART_EndRxTransfer                       0x08004edd   Thumb Code    78  stm32h7xx_hal_uart.o(i.UART_EndRxTransfer)
    i.UART_SetConfig                         0x08004f30   Section        0  stm32h7xx_hal_uart.o(i.UART_SetConfig)
    i.UART_WaitOnFlagUntilTimeout            0x080052cc   Section        0  stm32h7xx_hal_uart.o(i.UART_WaitOnFlagUntilTimeout)
    i.UsageFault_Handler                     0x0800535e   Section        0  stm32h7xx_it.o(i.UsageFault_Handler)
    i.__0printf$1                            0x08005360   Section        0  printf1.o(i.__0printf$1)
    i.__NVIC_SetPriority                     0x08005380   Section        0  stm32h7xx_hal_cortex.o(i.__NVIC_SetPriority)
    __NVIC_SetPriority                       0x08005381   Thumb Code    32  stm32h7xx_hal_cortex.o(i.__NVIC_SetPriority)
    i.__scatterload_copy                     0x080053a0   Section       14  handlers.o(i.__scatterload_copy)
    i.__scatterload_null                     0x080053ae   Section        2  handlers.o(i.__scatterload_null)
    i.__scatterload_zeroinit                 0x080053b0   Section       14  handlers.o(i.__scatterload_zeroinit)
    i._printf_core                           0x080053c0   Section        0  printf1.o(i._printf_core)
    _printf_core                             0x080053c1   Thumb Code   336  printf1.o(i._printf_core)
    i.airTask                                0x08005514   Section        0  freertos.o(i.airTask)
    i.button_kernel                          0x0800555c   Section        0  pushbutton.o(i.button_kernel)
    i.fputc                                  0x08005604   Section        0  usart.o(i.fputc)
    i.inHandlerMode                          0x0800561c   Section        0  cmsis_os.o(i.inHandlerMode)
    inHandlerMode                            0x0800561d   Thumb Code    12  cmsis_os.o(i.inHandlerMode)
    i.main                                   0x08005628   Section        0  main.o(i.main)
    i.makeFreeRtosPriority                   0x08005760   Section        0  cmsis_os.o(i.makeFreeRtosPriority)
    makeFreeRtosPriority                     0x08005761   Thumb Code    12  cmsis_os.o(i.makeFreeRtosPriority)
    i.movtionTask                            0x0800576c   Section        0  freertos.o(i.movtionTask)
    i.osDelay                                0x08005778   Section        0  cmsis_os.o(i.osDelay)
    i.osKernelStart                          0x08005786   Section        0  cmsis_os.o(i.osKernelStart)
    i.osMessageCreate                        0x08005790   Section        0  cmsis_os.o(i.osMessageCreate)
    i.osMessageGet                           0x080057b8   Section        0  cmsis_os.o(i.osMessageGet)
    i.osMessagePut                           0x0800584c   Section        0  cmsis_os.o(i.osMessagePut)
    i.osThreadCreate                         0x080058a8   Section        0  cmsis_os.o(i.osThreadCreate)
    i.prvAddCurrentTaskToDelayedList         0x080058fc   Section        0  tasks.o(i.prvAddCurrentTaskToDelayedList)
    prvAddCurrentTaskToDelayedList           0x080058fd   Thumb Code   102  tasks.o(i.prvAddCurrentTaskToDelayedList)
    i.prvAddNewTaskToReadyList               0x0800596c   Section        0  tasks.o(i.prvAddNewTaskToReadyList)
    prvAddNewTaskToReadyList                 0x0800596d   Thumb Code   194  tasks.o(i.prvAddNewTaskToReadyList)
    i.prvCopyDataFromQueue                   0x08005a3c   Section        0  queue.o(i.prvCopyDataFromQueue)
    prvCopyDataFromQueue                     0x08005a3d   Thumb Code    38  queue.o(i.prvCopyDataFromQueue)
    i.prvCopyDataToQueue                     0x08005a62   Section        0  queue.o(i.prvCopyDataToQueue)
    prvCopyDataToQueue                       0x08005a63   Thumb Code   108  queue.o(i.prvCopyDataToQueue)
    i.prvDeleteTCB                           0x08005ace   Section        0  tasks.o(i.prvDeleteTCB)
    prvDeleteTCB                             0x08005acf   Thumb Code    52  tasks.o(i.prvDeleteTCB)
    i.prvHeapInit                            0x08005b04   Section        0  heap_4.o(i.prvHeapInit)
    prvHeapInit                              0x08005b05   Thumb Code    66  heap_4.o(i.prvHeapInit)
    i.prvIdleTask                            0x08005b50   Section        0  tasks.o(i.prvIdleTask)
    prvIdleTask                              0x08005b51   Thumb Code    80  tasks.o(i.prvIdleTask)
    i.prvInitialiseNewQueue                  0x08005bac   Section        0  queue.o(i.prvInitialiseNewQueue)
    prvInitialiseNewQueue                    0x08005bad   Thumb Code    22  queue.o(i.prvInitialiseNewQueue)
    i.prvInitialiseNewTask                   0x08005bc2   Section        0  tasks.o(i.prvInitialiseNewTask)
    prvInitialiseNewTask                     0x08005bc3   Thumb Code   152  tasks.o(i.prvInitialiseNewTask)
    i.prvInsertBlockIntoFreeList             0x08005c5c   Section        0  heap_4.o(i.prvInsertBlockIntoFreeList)
    prvInsertBlockIntoFreeList               0x08005c5d   Thumb Code    72  heap_4.o(i.prvInsertBlockIntoFreeList)
    i.prvIsQueueEmpty                        0x08005ca8   Section        0  queue.o(i.prvIsQueueEmpty)
    prvIsQueueEmpty                          0x08005ca9   Thumb Code    26  queue.o(i.prvIsQueueEmpty)
    i.prvResetNextTaskUnblockTime            0x08005cc4   Section        0  tasks.o(i.prvResetNextTaskUnblockTime)
    prvResetNextTaskUnblockTime              0x08005cc5   Thumb Code    26  tasks.o(i.prvResetNextTaskUnblockTime)
    i.prvTaskExitError                       0x08005ce4   Section        0  port.o(i.prvTaskExitError)
    prvTaskExitError                         0x08005ce5   Thumb Code    36  port.o(i.prvTaskExitError)
    i.prvUnlockQueue                         0x08005d0c   Section        0  queue.o(i.prvUnlockQueue)
    prvUnlockQueue                           0x08005d0d   Thumb Code   106  queue.o(i.prvUnlockQueue)
    i.pushButtonQueueProcess                 0x08005d78   Section        0  pushbutton.o(i.pushButtonQueueProcess)
    i.pushButtonTask                         0x08005e04   Section        0  freertos.o(i.pushButtonTask)
    i.pvPortMalloc                           0x08005e58   Section        0  heap_4.o(i.pvPortMalloc)
    i.pxPortInitialiseStack                  0x08005f34   Section        0  port.o(i.pxPortInitialiseStack)
    i.uxListRemove                           0x08005f60   Section        0  list.o(i.uxListRemove)
    i.vApplicationGetIdleTaskMemory          0x08005f88   Section        0  freertos.o(i.vApplicationGetIdleTaskMemory)
    i.vListInitialise                        0x08005f9c   Section        0  list.o(i.vListInitialise)
    i.vListInitialiseItem                    0x08005fb2   Section        0  list.o(i.vListInitialiseItem)
    i.vListInsert                            0x08005fb8   Section        0  list.o(i.vListInsert)
    i.vListInsertEnd                         0x08005fe8   Section        0  list.o(i.vListInsertEnd)
    i.vPortEnterCritical                     0x08006000   Section        0  port.o(i.vPortEnterCritical)
    i.vPortExitCritical                      0x08006040   Section        0  port.o(i.vPortExitCritical)
    i.vPortFree                              0x08006068   Section        0  heap_4.o(i.vPortFree)
    i.vPortSetupTimerInterrupt               0x080060cc   Section        0  port.o(i.vPortSetupTimerInterrupt)
    i.vPortValidateInterruptPriority         0x080060f0   Section        0  port.o(i.vPortValidateInterruptPriority)
    i.vTaskDelay                             0x08006144   Section        0  tasks.o(i.vTaskDelay)
    i.vTaskInternalSetTimeOutState           0x08006190   Section        0  tasks.o(i.vTaskInternalSetTimeOutState)
    i.vTaskMissedYield                       0x080061a0   Section        0  tasks.o(i.vTaskMissedYield)
    i.vTaskPlaceOnEventList                  0x080061ac   Section        0  tasks.o(i.vTaskPlaceOnEventList)
    i.vTaskStartScheduler                    0x080061dc   Section        0  tasks.o(i.vTaskStartScheduler)
    i.vTaskSuspendAll                        0x08006248   Section        0  tasks.o(i.vTaskSuspendAll)
    i.vTaskSwitchContext                     0x08006258   Section        0  tasks.o(i.vTaskSwitchContext)
    i.xPortStartScheduler                    0x080062b4   Section        0  port.o(i.xPortStartScheduler)
    i.xQueueGenericCreate                    0x080063a8   Section        0  queue.o(i.xQueueGenericCreate)
    i.xQueueGenericCreateStatic              0x080063ea   Section        0  queue.o(i.xQueueGenericCreateStatic)
    i.xQueueGenericReset                     0x08006450   Section        0  queue.o(i.xQueueGenericReset)
    i.xQueueGenericSend                      0x080064d8   Section        0  queue.o(i.xQueueGenericSend)
    i.xQueueGenericSendFromISR               0x0800663c   Section        0  queue.o(i.xQueueGenericSendFromISR)
    i.xQueueReceive                          0x080066fc   Section        0  queue.o(i.xQueueReceive)
    i.xQueueReceiveFromISR                   0x08006834   Section        0  queue.o(i.xQueueReceiveFromISR)
    i.xTaskCheckForTimeOut                   0x080068d0   Section        0  tasks.o(i.xTaskCheckForTimeOut)
    i.xTaskCreate                            0x08006944   Section        0  tasks.o(i.xTaskCreate)
    i.xTaskCreateStatic                      0x0800699e   Section        0  tasks.o(i.xTaskCreateStatic)
    i.xTaskGetSchedulerState                 0x080069f8   Section        0  tasks.o(i.xTaskGetSchedulerState)
    i.xTaskIncrementTick                     0x08006a14   Section        0  tasks.o(i.xTaskIncrementTick)
    i.xTaskPriorityDisinherit                0x08006ae0   Section        0  tasks.o(i.xTaskPriorityDisinherit)
    i.xTaskRemoveFromEventList               0x08006b78   Section        0  tasks.o(i.xTaskRemoveFromEventList)
    i.xTaskResumeAll                         0x08006bec   Section        0  tasks.o(i.xTaskResumeAll)
    .constdata                               0x08006cb0   Section      128  freertos.o(.constdata)
    .constdata                               0x08006d30   Section       24  stm32h7xx_hal_uart.o(.constdata)
    .constdata                               0x08006d48   Section       16  stm32h7xx_hal_uart_ex.o(.constdata)
    numerator                                0x08006d48   Data           8  stm32h7xx_hal_uart_ex.o(.constdata)
    denominator                              0x08006d50   Data           8  stm32h7xx_hal_uart_ex.o(.constdata)
    .constdata                               0x08006d58   Section       16  system_stm32h7xx.o(.constdata)
    .conststring                             0x08006d68   Section       36  freertos.o(.conststring)
    .data                                    0x24000000   Section        6  pushbutton.o(.data)
    .data                                    0x24000006   Section        6  pushbutton.o(.data)
    .data                                    0x2400000c   Section        6  pushbutton.o(.data)
    .data                                    0x24000012   Section        6  pushbutton.o(.data)
    .data                                    0x24000018   Section        6  pushbutton.o(.data)
    .data                                    0x24000020   Section       20  freertos.o(.data)
    .data                                    0x24000034   Section       12  stm32h7xx_hal.o(.data)
    .data                                    0x24000040   Section        8  system_stm32h7xx.o(.data)
    .data                                    0x24000048   Section       60  tasks.o(.data)
    uxDeletedTasksWaitingCleanUp             0x2400004c   Data           4  tasks.o(.data)
    uxCurrentNumberOfTasks                   0x24000050   Data           4  tasks.o(.data)
    xTickCount                               0x24000054   Data           4  tasks.o(.data)
    uxTopReadyPriority                       0x24000058   Data           4  tasks.o(.data)
    xSchedulerRunning                        0x2400005c   Data           4  tasks.o(.data)
    xPendedTicks                             0x24000060   Data           4  tasks.o(.data)
    xYieldPending                            0x24000064   Data           4  tasks.o(.data)
    xNumOfOverflows                          0x24000068   Data           4  tasks.o(.data)
    uxTaskNumber                             0x2400006c   Data           4  tasks.o(.data)
    xNextTaskUnblockTime                     0x24000070   Data           4  tasks.o(.data)
    xIdleTaskHandle                          0x24000074   Data           4  tasks.o(.data)
    uxSchedulerSuspended                     0x24000078   Data           4  tasks.o(.data)
    pxDelayedTaskList                        0x2400007c   Data           4  tasks.o(.data)
    pxOverflowDelayedTaskList                0x24000080   Data           4  tasks.o(.data)
    .data                                    0x24000084   Section       32  heap_4.o(.data)
    pxEnd                                    0x24000084   Data           4  heap_4.o(.data)
    xFreeBytesRemaining                      0x24000088   Data           4  heap_4.o(.data)
    xMinimumEverFreeBytesRemaining           0x2400008c   Data           4  heap_4.o(.data)
    xNumberOfSuccessfulAllocations           0x24000090   Data           4  heap_4.o(.data)
    xNumberOfSuccessfulFrees                 0x24000094   Data           4  heap_4.o(.data)
    xBlockAllocatedBit                       0x24000098   Data           4  heap_4.o(.data)
    xStart                                   0x2400009c   Data           8  heap_4.o(.data)
    .data                                    0x240000a4   Section       12  port.o(.data)
    ucMaxSysCallPriority                     0x240000a4   Data           1  port.o(.data)
    uxCriticalNesting                        0x240000a8   Data           4  port.o(.data)
    ulMaxPRIGROUPValue                       0x240000ac   Data           4  port.o(.data)
    .data                                    0x240000b0   Section        4  stdout.o(.data)
    .bss                                     0x240000b4   Section      596  freertos.o(.bss)
    xIdleTaskTCBBuffer                       0x240000b4   Data          84  freertos.o(.bss)
    xIdleStack                               0x24000108   Data         512  freertos.o(.bss)
    .bss                                     0x24000308   Section      100  adc.o(.bss)
    .bss                                     0x2400036c   Section      168  i2c.o(.bss)
    .bss                                     0x24000414   Section      740  usart.o(.bss)
    .bss                                     0x240006f8   Section      136  spi.o(.bss)
    .bss                                     0x24000780   Section      152  tim.o(.bss)
    .bss                                     0x24000818   Section       76  stm32h7xx_hal_timebase_tim.o(.bss)
    .bss                                     0x24000864   Section      240  tasks.o(.bss)
    pxReadyTasksLists                        0x24000864   Data         140  tasks.o(.bss)
    xDelayedTaskList1                        0x240008f0   Data          20  tasks.o(.bss)
    xDelayedTaskList2                        0x24000904   Data          20  tasks.o(.bss)
    xPendingReadyList                        0x24000918   Data          20  tasks.o(.bss)
    xTasksWaitingTermination                 0x2400092c   Data          20  tasks.o(.bss)
    xSuspendedTaskList                       0x24000940   Data          20  tasks.o(.bss)
    .bss                                     0x24000954   Section    15360  heap_4.o(.bss)
    ucHeap                                   0x24000954   Data       15360  heap_4.o(.bss)
    STACK                                    0x24004558   Section     2048  startup_stm32h743xx.o(STACK)

    Global Symbols

    Symbol Name                              Value     Ov Type        Size  Object(Section)

    BuildAttributes$$THM_ISAv4$E$P$D$K$B$S$7EM$VFPv5_D16$PE$PLD8$A:L22UL41UL21$X:L11$S22US41US21$IEEE1$IW$USESV6$~STKCKD$USESV7$~SHL$OSPACE$ROPI$EBA8$MICROLIB$REQ8$PRES8$EABIv2 0x00000000   Number         0  anon$$obj.o ABSOLUTE
    __ARM_use_no_argv                        0x00000000   Number         0  main.o ABSOLUTE
    _printf_a                                0x00000000   Number         0  stubs.o ABSOLUTE
    _printf_c                                0x00000000   Number         0  stubs.o ABSOLUTE
    _printf_charcount                        0x00000000   Number         0  stubs.o ABSOLUTE
    _printf_d                                0x00000000   Number         0  stubs.o ABSOLUTE
    _printf_e                                0x00000000   Number         0  stubs.o ABSOLUTE
    _printf_f                                0x00000000   Number         0  stubs.o ABSOLUTE
    _printf_flags                            0x00000000   Number         0  stubs.o ABSOLUTE
    _printf_fp_dec                           0x00000000   Number         0  stubs.o ABSOLUTE
    _printf_fp_hex                           0x00000000   Number         0  stubs.o ABSOLUTE
    _printf_g                                0x00000000   Number         0  stubs.o ABSOLUTE
    _printf_i                                0x00000000   Number         0  stubs.o ABSOLUTE
    _printf_int_dec                          0x00000000   Number         0  stubs.o ABSOLUTE
    _printf_l                                0x00000000   Number         0  stubs.o ABSOLUTE
    _printf_lc                               0x00000000   Number         0  stubs.o ABSOLUTE
    _printf_ll                               0x00000000   Number         0  stubs.o ABSOLUTE
    _printf_lld                              0x00000000   Number         0  stubs.o ABSOLUTE
    _printf_lli                              0x00000000   Number         0  stubs.o ABSOLUTE
    _printf_llo                              0x00000000   Number         0  stubs.o ABSOLUTE
    _printf_llu                              0x00000000   Number         0  stubs.o ABSOLUTE
    _printf_llx                              0x00000000   Number         0  stubs.o ABSOLUTE
    _printf_longlong_dec                     0x00000000   Number         0  stubs.o ABSOLUTE
    _printf_longlong_hex                     0x00000000   Number         0  stubs.o ABSOLUTE
    _printf_longlong_oct                     0x00000000   Number         0  stubs.o ABSOLUTE
    _printf_ls                               0x00000000   Number         0  stubs.o ABSOLUTE
    _printf_mbtowc                           0x00000000   Number         0  stubs.o ABSOLUTE
    _printf_n                                0x00000000   Number         0  stubs.o ABSOLUTE
    _printf_o                                0x00000000   Number         0  stubs.o ABSOLUTE
    _printf_p                                0x00000000   Number         0  stubs.o ABSOLUTE
    _printf_percent                          0x00000000   Number         0  stubs.o ABSOLUTE
    _printf_pre_padding                      0x00000000   Number         0  stubs.o ABSOLUTE
    _printf_return_value                     0x00000000   Number         0  stubs.o ABSOLUTE
    _printf_s                                0x00000000   Number         0  stubs.o ABSOLUTE
    _printf_sizespec                         0x00000000   Number         0  stubs.o ABSOLUTE
    _printf_str                              0x00000000   Number         0  stubs.o ABSOLUTE
    _printf_truncate_signed                  0x00000000   Number         0  stubs.o ABSOLUTE
    _printf_truncate_unsigned                0x00000000   Number         0  stubs.o ABSOLUTE
    _printf_u                                0x00000000   Number         0  stubs.o ABSOLUTE
    _printf_wc                               0x00000000   Number         0  stubs.o ABSOLUTE
    _printf_wctomb                           0x00000000   Number         0  stubs.o ABSOLUTE
    _printf_widthprec                        0x00000000   Number         0  stubs.o ABSOLUTE
    _printf_x                                0x00000000   Number         0  stubs.o ABSOLUTE
    __arm_fini_                               - Undefined Weak Reference
    __cpp_initialize__aeabi_                  - Undefined Weak Reference
    __cxa_finalize                            - Undefined Weak Reference
    __decompress                              - Undefined Weak Reference
    _clock_init                               - Undefined Weak Reference
    _microlib_exit                            - Undefined Weak Reference
    __Vectors_Size                           0x00000298   Number         0  startup_stm32h743xx.o ABSOLUTE
    __Vectors                                0x08000000   Data           4  startup_stm32h743xx.o(RESET)
    __Vectors_End                            0x08000298   Data           0  startup_stm32h743xx.o(RESET)
    __main                                   0x08000299   Thumb Code     0  entry.o(.ARM.Collect$$$$00000000)
    _main_stk                                0x08000299   Thumb Code     0  entry2.o(.ARM.Collect$$$$00000001)
    _main_scatterload                        0x0800029d   Thumb Code     0  entry5.o(.ARM.Collect$$$$00000004)
    __main_after_scatterload                 0x080002a1   Thumb Code     0  entry5.o(.ARM.Collect$$$$00000004)
    _main_clock                              0x080002a1   Thumb Code     0  entry7b.o(.ARM.Collect$$$$00000008)
    _main_cpp_init                           0x080002a1   Thumb Code     0  entry8b.o(.ARM.Collect$$$$0000000A)
    _main_init                               0x080002a1   Thumb Code     0  entry9a.o(.ARM.Collect$$$$0000000B)
    __rt_lib_shutdown_fini                   0x080002a9   Thumb Code     0  entry12b.o(.ARM.Collect$$$$0000000E)
    __rt_final_cpp                           0x080002ad   Thumb Code     0  entry10a.o(.ARM.Collect$$$$0000000F)
    __rt_final_exit                          0x080002ad   Thumb Code     0  entry11a.o(.ARM.Collect$$$$00000011)
    SVC_Handler                              0x080002b1   Thumb Code    28  port.o(.emb_text)
    __asm___6_port_c_39a90d8d__prvStartFirstTask 0x080002d1   Thumb Code    36  port.o(.emb_text)
    __asm___6_port_c_39a90d8d__prvEnableVFP  0x080002f9   Thumb Code    16  port.o(.emb_text)
    PendSV_Handler                           0x0800030d   Thumb Code    88  port.o(.emb_text)
    vPortGetIPSR                             0x08000369   Thumb Code     6  port.o(.emb_text)
    Reset_Handler                            0x08000371   Thumb Code     8  startup_stm32h743xx.o(.text)
    ADC3_IRQHandler                          0x0800038b   Thumb Code     0  startup_stm32h743xx.o(.text)
    ADC_IRQHandler                           0x0800038b   Thumb Code     0  startup_stm32h743xx.o(.text)
    BDMA_Channel0_IRQHandler                 0x0800038b   Thumb Code     0  startup_stm32h743xx.o(.text)
    BDMA_Channel1_IRQHandler                 0x0800038b   Thumb Code     0  startup_stm32h743xx.o(.text)
    BDMA_Channel2_IRQHandler                 0x0800038b   Thumb Code     0  startup_stm32h743xx.o(.text)
    BDMA_Channel3_IRQHandler                 0x0800038b   Thumb Code     0  startup_stm32h743xx.o(.text)
    BDMA_Channel4_IRQHandler                 0x0800038b   Thumb Code     0  startup_stm32h743xx.o(.text)
    BDMA_Channel5_IRQHandler                 0x0800038b   Thumb Code     0  startup_stm32h743xx.o(.text)
    BDMA_Channel6_IRQHandler                 0x0800038b   Thumb Code     0  startup_stm32h743xx.o(.text)
    BDMA_Channel7_IRQHandler                 0x0800038b   Thumb Code     0  startup_stm32h743xx.o(.text)
    CEC_IRQHandler                           0x0800038b   Thumb Code     0  startup_stm32h743xx.o(.text)
    COMP1_IRQHandler                         0x0800038b   Thumb Code     0  startup_stm32h743xx.o(.text)
    CRS_IRQHandler                           0x0800038b   Thumb Code     0  startup_stm32h743xx.o(.text)
    DCMI_IRQHandler                          0x0800038b   Thumb Code     0  startup_stm32h743xx.o(.text)
    DFSDM1_FLT0_IRQHandler                   0x0800038b   Thumb Code     0  startup_stm32h743xx.o(.text)
    DFSDM1_FLT1_IRQHandler                   0x0800038b   Thumb Code     0  startup_stm32h743xx.o(.text)
    DFSDM1_FLT2_IRQHandler                   0x0800038b   Thumb Code     0  startup_stm32h743xx.o(.text)
    DFSDM1_FLT3_IRQHandler                   0x0800038b   Thumb Code     0  startup_stm32h743xx.o(.text)
    DMA1_Stream0_IRQHandler                  0x0800038b   Thumb Code     0  startup_stm32h743xx.o(.text)
    DMA1_Stream1_IRQHandler                  0x0800038b   Thumb Code     0  startup_stm32h743xx.o(.text)
    DMA1_Stream2_IRQHandler                  0x0800038b   Thumb Code     0  startup_stm32h743xx.o(.text)
    DMA1_Stream3_IRQHandler                  0x0800038b   Thumb Code     0  startup_stm32h743xx.o(.text)
    DMA1_Stream4_IRQHandler                  0x0800038b   Thumb Code     0  startup_stm32h743xx.o(.text)
    DMA1_Stream5_IRQHandler                  0x0800038b   Thumb Code     0  startup_stm32h743xx.o(.text)
    DMA1_Stream6_IRQHandler                  0x0800038b   Thumb Code     0  startup_stm32h743xx.o(.text)
    DMA1_Stream7_IRQHandler                  0x0800038b   Thumb Code     0  startup_stm32h743xx.o(.text)
    DMA2D_IRQHandler                         0x0800038b   Thumb Code     0  startup_stm32h743xx.o(.text)
    DMA2_Stream0_IRQHandler                  0x0800038b   Thumb Code     0  startup_stm32h743xx.o(.text)
    DMA2_Stream1_IRQHandler                  0x0800038b   Thumb Code     0  startup_stm32h743xx.o(.text)
    DMA2_Stream2_IRQHandler                  0x0800038b   Thumb Code     0  startup_stm32h743xx.o(.text)
    DMA2_Stream3_IRQHandler                  0x0800038b   Thumb Code     0  startup_stm32h743xx.o(.text)
    DMA2_Stream4_IRQHandler                  0x0800038b   Thumb Code     0  startup_stm32h743xx.o(.text)
    DMA2_Stream5_IRQHandler                  0x0800038b   Thumb Code     0  startup_stm32h743xx.o(.text)
    DMA2_Stream6_IRQHandler                  0x0800038b   Thumb Code     0  startup_stm32h743xx.o(.text)
    DMA2_Stream7_IRQHandler                  0x0800038b   Thumb Code     0  startup_stm32h743xx.o(.text)
    DMAMUX1_OVR_IRQHandler                   0x0800038b   Thumb Code     0  startup_stm32h743xx.o(.text)
    DMAMUX2_OVR_IRQHandler                   0x0800038b   Thumb Code     0  startup_stm32h743xx.o(.text)
    ECC_IRQHandler                           0x0800038b   Thumb Code     0  startup_stm32h743xx.o(.text)
    ETH_IRQHandler                           0x0800038b   Thumb Code     0  startup_stm32h743xx.o(.text)
    ETH_WKUP_IRQHandler                      0x0800038b   Thumb Code     0  startup_stm32h743xx.o(.text)
    EXTI0_IRQHandler                         0x0800038b   Thumb Code     0  startup_stm32h743xx.o(.text)
    EXTI15_10_IRQHandler                     0x0800038b   Thumb Code     0  startup_stm32h743xx.o(.text)
    EXTI1_IRQHandler                         0x0800038b   Thumb Code     0  startup_stm32h743xx.o(.text)
    EXTI2_IRQHandler                         0x0800038b   Thumb Code     0  startup_stm32h743xx.o(.text)
    EXTI3_IRQHandler                         0x0800038b   Thumb Code     0  startup_stm32h743xx.o(.text)
    EXTI4_IRQHandler                         0x0800038b   Thumb Code     0  startup_stm32h743xx.o(.text)
    EXTI9_5_IRQHandler                       0x0800038b   Thumb Code     0  startup_stm32h743xx.o(.text)
    FDCAN1_IT0_IRQHandler                    0x0800038b   Thumb Code     0  startup_stm32h743xx.o(.text)
    FDCAN1_IT1_IRQHandler                    0x0800038b   Thumb Code     0  startup_stm32h743xx.o(.text)
    FDCAN2_IT0_IRQHandler                    0x0800038b   Thumb Code     0  startup_stm32h743xx.o(.text)
    FDCAN2_IT1_IRQHandler                    0x0800038b   Thumb Code     0  startup_stm32h743xx.o(.text)
    FDCAN_CAL_IRQHandler                     0x0800038b   Thumb Code     0  startup_stm32h743xx.o(.text)
    FLASH_IRQHandler                         0x0800038b   Thumb Code     0  startup_stm32h743xx.o(.text)
    FMC_IRQHandler                           0x0800038b   Thumb Code     0  startup_stm32h743xx.o(.text)
    FPU_IRQHandler                           0x0800038b   Thumb Code     0  startup_stm32h743xx.o(.text)
    HRTIM1_FLT_IRQHandler                    0x0800038b   Thumb Code     0  startup_stm32h743xx.o(.text)
    HRTIM1_Master_IRQHandler                 0x0800038b   Thumb Code     0  startup_stm32h743xx.o(.text)
    HRTIM1_TIMA_IRQHandler                   0x0800038b   Thumb Code     0  startup_stm32h743xx.o(.text)
    HRTIM1_TIMB_IRQHandler                   0x0800038b   Thumb Code     0  startup_stm32h743xx.o(.text)
    HRTIM1_TIMC_IRQHandler                   0x0800038b   Thumb Code     0  startup_stm32h743xx.o(.text)
    HRTIM1_TIMD_IRQHandler                   0x0800038b   Thumb Code     0  startup_stm32h743xx.o(.text)
    HRTIM1_TIME_IRQHandler                   0x0800038b   Thumb Code     0  startup_stm32h743xx.o(.text)
    HSEM1_IRQHandler                         0x0800038b   Thumb Code     0  startup_stm32h743xx.o(.text)
    I2C1_ER_IRQHandler                       0x0800038b   Thumb Code     0  startup_stm32h743xx.o(.text)
    I2C1_EV_IRQHandler                       0x0800038b   Thumb Code     0  startup_stm32h743xx.o(.text)
    I2C2_ER_IRQHandler                       0x0800038b   Thumb Code     0  startup_stm32h743xx.o(.text)
    I2C2_EV_IRQHandler                       0x0800038b   Thumb Code     0  startup_stm32h743xx.o(.text)
    I2C3_ER_IRQHandler                       0x0800038b   Thumb Code     0  startup_stm32h743xx.o(.text)
    I2C3_EV_IRQHandler                       0x0800038b   Thumb Code     0  startup_stm32h743xx.o(.text)
    I2C4_ER_IRQHandler                       0x0800038b   Thumb Code     0  startup_stm32h743xx.o(.text)
    I2C4_EV_IRQHandler                       0x0800038b   Thumb Code     0  startup_stm32h743xx.o(.text)
    JPEG_IRQHandler                          0x0800038b   Thumb Code     0  startup_stm32h743xx.o(.text)
    LPTIM1_IRQHandler                        0x0800038b   Thumb Code     0  startup_stm32h743xx.o(.text)
    LPTIM2_IRQHandler                        0x0800038b   Thumb Code     0  startup_stm32h743xx.o(.text)
    LPTIM3_IRQHandler                        0x0800038b   Thumb Code     0  startup_stm32h743xx.o(.text)
    LPTIM4_IRQHandler                        0x0800038b   Thumb Code     0  startup_stm32h743xx.o(.text)
    LPTIM5_IRQHandler                        0x0800038b   Thumb Code     0  startup_stm32h743xx.o(.text)
    LPUART1_IRQHandler                       0x0800038b   Thumb Code     0  startup_stm32h743xx.o(.text)
    LTDC_ER_IRQHandler                       0x0800038b   Thumb Code     0  startup_stm32h743xx.o(.text)
    LTDC_IRQHandler                          0x0800038b   Thumb Code     0  startup_stm32h743xx.o(.text)
    MDIOS_IRQHandler                         0x0800038b   Thumb Code     0  startup_stm32h743xx.o(.text)
    MDIOS_WKUP_IRQHandler                    0x0800038b   Thumb Code     0  startup_stm32h743xx.o(.text)
    MDMA_IRQHandler                          0x0800038b   Thumb Code     0  startup_stm32h743xx.o(.text)
    OTG_FS_EP1_IN_IRQHandler                 0x0800038b   Thumb Code     0  startup_stm32h743xx.o(.text)
    OTG_FS_EP1_OUT_IRQHandler                0x0800038b   Thumb Code     0  startup_stm32h743xx.o(.text)
    OTG_FS_IRQHandler                        0x0800038b   Thumb Code     0  startup_stm32h743xx.o(.text)
    OTG_FS_WKUP_IRQHandler                   0x0800038b   Thumb Code     0  startup_stm32h743xx.o(.text)
    OTG_HS_EP1_IN_IRQHandler                 0x0800038b   Thumb Code     0  startup_stm32h743xx.o(.text)
    OTG_HS_EP1_OUT_IRQHandler                0x0800038b   Thumb Code     0  startup_stm32h743xx.o(.text)
    OTG_HS_IRQHandler                        0x0800038b   Thumb Code     0  startup_stm32h743xx.o(.text)
    OTG_HS_WKUP_IRQHandler                   0x0800038b   Thumb Code     0  startup_stm32h743xx.o(.text)
    PVD_AVD_IRQHandler                       0x0800038b   Thumb Code     0  startup_stm32h743xx.o(.text)
    QUADSPI_IRQHandler                       0x0800038b   Thumb Code     0  startup_stm32h743xx.o(.text)
    RCC_IRQHandler                           0x0800038b   Thumb Code     0  startup_stm32h743xx.o(.text)
    RNG_IRQHandler                           0x0800038b   Thumb Code     0  startup_stm32h743xx.o(.text)
    RTC_Alarm_IRQHandler                     0x0800038b   Thumb Code     0  startup_stm32h743xx.o(.text)
    RTC_WKUP_IRQHandler                      0x0800038b   Thumb Code     0  startup_stm32h743xx.o(.text)
    SAI1_IRQHandler                          0x0800038b   Thumb Code     0  startup_stm32h743xx.o(.text)
    SAI2_IRQHandler                          0x0800038b   Thumb Code     0  startup_stm32h743xx.o(.text)
    SAI3_IRQHandler                          0x0800038b   Thumb Code     0  startup_stm32h743xx.o(.text)
    SAI4_IRQHandler                          0x0800038b   Thumb Code     0  startup_stm32h743xx.o(.text)
    SDMMC1_IRQHandler                        0x0800038b   Thumb Code     0  startup_stm32h743xx.o(.text)
    SDMMC2_IRQHandler                        0x0800038b   Thumb Code     0  startup_stm32h743xx.o(.text)
    SPDIF_RX_IRQHandler                      0x0800038b   Thumb Code     0  startup_stm32h743xx.o(.text)
    SPI1_IRQHandler                          0x0800038b   Thumb Code     0  startup_stm32h743xx.o(.text)
    SPI2_IRQHandler                          0x0800038b   Thumb Code     0  startup_stm32h743xx.o(.text)
    SPI3_IRQHandler                          0x0800038b   Thumb Code     0  startup_stm32h743xx.o(.text)
    SPI4_IRQHandler                          0x0800038b   Thumb Code     0  startup_stm32h743xx.o(.text)
    SPI5_IRQHandler                          0x0800038b   Thumb Code     0  startup_stm32h743xx.o(.text)
    SPI6_IRQHandler                          0x0800038b   Thumb Code     0  startup_stm32h743xx.o(.text)
    SWPMI1_IRQHandler                        0x0800038b   Thumb Code     0  startup_stm32h743xx.o(.text)
    TAMP_STAMP_IRQHandler                    0x0800038b   Thumb Code     0  startup_stm32h743xx.o(.text)
    TIM15_IRQHandler                         0x0800038b   Thumb Code     0  startup_stm32h743xx.o(.text)
    TIM16_IRQHandler                         0x0800038b   Thumb Code     0  startup_stm32h743xx.o(.text)
    TIM1_BRK_IRQHandler                      0x0800038b   Thumb Code     0  startup_stm32h743xx.o(.text)
    TIM1_CC_IRQHandler                       0x0800038b   Thumb Code     0  startup_stm32h743xx.o(.text)
    TIM1_TRG_COM_IRQHandler                  0x0800038b   Thumb Code     0  startup_stm32h743xx.o(.text)
    TIM1_UP_IRQHandler                       0x0800038b   Thumb Code     0  startup_stm32h743xx.o(.text)
    TIM2_IRQHandler                          0x0800038b   Thumb Code     0  startup_stm32h743xx.o(.text)
    TIM3_IRQHandler                          0x0800038b   Thumb Code     0  startup_stm32h743xx.o(.text)
    TIM4_IRQHandler                          0x0800038b   Thumb Code     0  startup_stm32h743xx.o(.text)
    TIM5_IRQHandler                          0x0800038b   Thumb Code     0  startup_stm32h743xx.o(.text)
    TIM6_DAC_IRQHandler                      0x0800038b   Thumb Code     0  startup_stm32h743xx.o(.text)
    TIM7_IRQHandler                          0x0800038b   Thumb Code     0  startup_stm32h743xx.o(.text)
    TIM8_BRK_TIM12_IRQHandler                0x0800038b   Thumb Code     0  startup_stm32h743xx.o(.text)
    TIM8_CC_IRQHandler                       0x0800038b   Thumb Code     0  startup_stm32h743xx.o(.text)
    TIM8_TRG_COM_TIM14_IRQHandler            0x0800038b   Thumb Code     0  startup_stm32h743xx.o(.text)
    TIM8_UP_TIM13_IRQHandler                 0x0800038b   Thumb Code     0  startup_stm32h743xx.o(.text)
    UART4_IRQHandler                         0x0800038b   Thumb Code     0  startup_stm32h743xx.o(.text)
    UART5_IRQHandler                         0x0800038b   Thumb Code     0  startup_stm32h743xx.o(.text)
    UART7_IRQHandler                         0x0800038b   Thumb Code     0  startup_stm32h743xx.o(.text)
    UART8_IRQHandler                         0x0800038b   Thumb Code     0  startup_stm32h743xx.o(.text)
    USART1_IRQHandler                        0x0800038b   Thumb Code     0  startup_stm32h743xx.o(.text)
    USART2_IRQHandler                        0x0800038b   Thumb Code     0  startup_stm32h743xx.o(.text)
    USART3_IRQHandler                        0x0800038b   Thumb Code     0  startup_stm32h743xx.o(.text)
    USART6_IRQHandler                        0x0800038b   Thumb Code     0  startup_stm32h743xx.o(.text)
    WAKEUP_PIN_IRQHandler                    0x0800038b   Thumb Code     0  startup_stm32h743xx.o(.text)
    WWDG_IRQHandler                          0x0800038b   Thumb Code     0  startup_stm32h743xx.o(.text)
    __aeabi_uldivmod                         0x08000395   Thumb Code    98  uldiv.o(.text)
    __aeabi_memcpy                           0x080003f7   Thumb Code    36  memcpya.o(.text)
    __aeabi_memcpy4                          0x080003f7   Thumb Code     0  memcpya.o(.text)
    __aeabi_memcpy8                          0x080003f7   Thumb Code     0  memcpya.o(.text)
    __aeabi_memset                           0x0800041b   Thumb Code    14  memseta.o(.text)
    __aeabi_memset4                          0x0800041b   Thumb Code     0  memseta.o(.text)
    __aeabi_memset8                          0x0800041b   Thumb Code     0  memseta.o(.text)
    __aeabi_memclr                           0x08000429   Thumb Code     4  memseta.o(.text)
    __aeabi_memclr4                          0x08000429   Thumb Code     0  memseta.o(.text)
    __aeabi_memclr8                          0x08000429   Thumb Code     0  memseta.o(.text)
    memset                                   0x0800042d   Thumb Code    18  memseta.o(.text)
    __aeabi_uidiv                            0x0800043f   Thumb Code     0  uidiv.o(.text)
    __aeabi_uidivmod                         0x0800043f   Thumb Code    44  uidiv.o(.text)
    __aeabi_llsl                             0x0800046b   Thumb Code    30  llshl.o(.text)
    _ll_shift_l                              0x0800046b   Thumb Code     0  llshl.o(.text)
    __aeabi_llsr                             0x08000489   Thumb Code    32  llushr.o(.text)
    _ll_ushift_r                             0x08000489   Thumb Code     0  llushr.o(.text)
    __scatterload                            0x080004a9   Thumb Code    28  init.o(.text)
    __scatterload_rt2                        0x080004a9   Thumb Code     0  init.o(.text)
    ADC_ConfigureBoostMode                   0x080004cd   Thumb Code   236  stm32h7xx_hal_adc.o(i.ADC_ConfigureBoostMode)
    BusFault_Handler                         0x080005d5   Thumb Code     2  stm32h7xx_it.o(i.BusFault_Handler)
    DebugMon_Handler                         0x080005d7   Thumb Code     2  stm32h7xx_it.o(i.DebugMon_Handler)
    Error_Handler                            0x080005d9   Thumb Code     4  main.o(i.Error_Handler)
    HAL_ADCEx_MultiModeConfigChannel         0x080005dd   Thumb Code   266  stm32h7xx_hal_adc_ex.o(i.HAL_ADCEx_MultiModeConfigChannel)
    HAL_ADC_ConfigChannel                    0x080006fd   Thumb Code   924  stm32h7xx_hal_adc.o(i.HAL_ADC_ConfigChannel)
    HAL_ADC_Init                             0x08000ad1   Thumb Code   492  stm32h7xx_hal_adc.o(i.HAL_ADC_Init)
    HAL_ADC_MspInit                          0x08000cf1   Thumb Code   118  adc.o(i.HAL_ADC_MspInit)
    HAL_GPIO_Init                            0x08000d75   Thumb Code   426  stm32h7xx_hal_gpio.o(i.HAL_GPIO_Init)
    HAL_GPIO_ReadPin                         0x08000f51   Thumb Code    10  stm32h7xx_hal_gpio.o(i.HAL_GPIO_ReadPin)
    HAL_GPIO_TogglePin                       0x08000f5b   Thumb Code    16  stm32h7xx_hal_gpio.o(i.HAL_GPIO_TogglePin)
    HAL_GPIO_WritePin                        0x08000f6b   Thumb Code    10  stm32h7xx_hal_gpio.o(i.HAL_GPIO_WritePin)
    HAL_GetREVID                             0x08000f75   Thumb Code     8  stm32h7xx_hal.o(i.HAL_GetREVID)
    HAL_GetTick                              0x08000f81   Thumb Code     6  stm32h7xx_hal.o(i.HAL_GetTick)
    HAL_I2CEx_ConfigAnalogFilter             0x08000f8d   Thumb Code    86  stm32h7xx_hal_i2c_ex.o(i.HAL_I2CEx_ConfigAnalogFilter)
    HAL_I2CEx_ConfigDigitalFilter            0x08000fe3   Thumb Code    82  stm32h7xx_hal_i2c_ex.o(i.HAL_I2CEx_ConfigDigitalFilter)
    HAL_I2C_Init                             0x08001035   Thumb Code   184  stm32h7xx_hal_i2c.o(i.HAL_I2C_Init)
    HAL_I2C_MspInit                          0x080010f1   Thumb Code   260  i2c.o(i.HAL_I2C_MspInit)
    HAL_IncTick                              0x0800120d   Thumb Code    12  stm32h7xx_hal.o(i.HAL_IncTick)
    HAL_Init                                 0x0800121d   Thumb Code    74  stm32h7xx_hal.o(i.HAL_Init)
    HAL_InitTick                             0x08001279   Thumb Code   110  stm32h7xx_hal_timebase_tim.o(i.HAL_InitTick)
    HAL_MPU_ConfigRegion                     0x080012fd   Thumb Code    78  stm32h7xx_hal_cortex.o(i.HAL_MPU_ConfigRegion)
    HAL_MPU_Disable                          0x08001351   Thumb Code    24  stm32h7xx_hal_cortex.o(i.HAL_MPU_Disable)
    HAL_MPU_Enable                           0x0800136d   Thumb Code    30  stm32h7xx_hal_cortex.o(i.HAL_MPU_Enable)
    HAL_MspInit                              0x08001391   Thumb Code    32  stm32h7xx_hal_msp.o(i.HAL_MspInit)
    HAL_NVIC_EnableIRQ                       0x080013b5   Thumb Code    26  stm32h7xx_hal_cortex.o(i.HAL_NVIC_EnableIRQ)
    HAL_NVIC_SetPriority                     0x080013d1   Thumb Code    60  stm32h7xx_hal_cortex.o(i.HAL_NVIC_SetPriority)
    HAL_NVIC_SetPriorityGrouping             0x08001411   Thumb Code    26  stm32h7xx_hal_cortex.o(i.HAL_NVIC_SetPriorityGrouping)
    HAL_PWREx_ConfigSupply                   0x08001435   Thumb Code    76  stm32h7xx_hal_pwr_ex.o(i.HAL_PWREx_ConfigSupply)
    HAL_RCCEx_GetD3PCLK1Freq                 0x08001485   Thumb Code    26  stm32h7xx_hal_rcc_ex.o(i.HAL_RCCEx_GetD3PCLK1Freq)
    HAL_RCCEx_GetPLL1ClockFreq               0x080014a9   Thumb Code   318  stm32h7xx_hal_rcc_ex.o(i.HAL_RCCEx_GetPLL1ClockFreq)
    HAL_RCCEx_GetPLL2ClockFreq               0x08001601   Thumb Code   290  stm32h7xx_hal_rcc_ex.o(i.HAL_RCCEx_GetPLL2ClockFreq)
    HAL_RCCEx_GetPLL3ClockFreq               0x0800173d   Thumb Code   290  stm32h7xx_hal_rcc_ex.o(i.HAL_RCCEx_GetPLL3ClockFreq)
    HAL_RCCEx_GetPeriphCLKFreq               0x08001879   Thumb Code   714  stm32h7xx_hal_rcc_ex.o(i.HAL_RCCEx_GetPeriphCLKFreq)
    HAL_RCCEx_PeriphCLKConfig                0x08001b55   Thumb Code  2468  stm32h7xx_hal_rcc_ex.o(i.HAL_RCCEx_PeriphCLKConfig)
    HAL_RCC_ClockConfig                      0x080024fd   Thumb Code   590  stm32h7xx_hal_rcc.o(i.HAL_RCC_ClockConfig)
    HAL_RCC_GetClockConfig                   0x0800276d   Thumb Code    86  stm32h7xx_hal_rcc.o(i.HAL_RCC_GetClockConfig)
    HAL_RCC_GetHCLKFreq                      0x080027cd   Thumb Code    52  stm32h7xx_hal_rcc.o(i.HAL_RCC_GetHCLKFreq)
    HAL_RCC_GetPCLK1Freq                     0x08002811   Thumb Code    26  stm32h7xx_hal_rcc.o(i.HAL_RCC_GetPCLK1Freq)
    HAL_RCC_GetPCLK2Freq                     0x08002835   Thumb Code    26  stm32h7xx_hal_rcc.o(i.HAL_RCC_GetPCLK2Freq)
    HAL_RCC_GetSysClockFreq                  0x08002859   Thumb Code   270  stm32h7xx_hal_rcc.o(i.HAL_RCC_GetSysClockFreq)
    HAL_RCC_OscConfig                        0x08002989   Thumb Code  1390  stm32h7xx_hal_rcc.o(i.HAL_RCC_OscConfig)
    HAL_SPI_Init                             0x08002ef9   Thumb Code   356  stm32h7xx_hal_spi.o(i.HAL_SPI_Init)
    HAL_SPI_MspInit                          0x08003069   Thumb Code   120  spi.o(i.HAL_SPI_MspInit)
    HAL_TIMEx_Break2Callback                 0x080030ed   Thumb Code     2  stm32h7xx_hal_tim_ex.o(i.HAL_TIMEx_Break2Callback)
    HAL_TIMEx_BreakCallback                  0x080030ef   Thumb Code     2  stm32h7xx_hal_tim_ex.o(i.HAL_TIMEx_BreakCallback)
    HAL_TIMEx_CommutCallback                 0x080030f1   Thumb Code     2  stm32h7xx_hal_tim_ex.o(i.HAL_TIMEx_CommutCallback)
    HAL_TIMEx_MasterConfigSynchronization    0x080030f5   Thumb Code   136  stm32h7xx_hal_tim_ex.o(i.HAL_TIMEx_MasterConfigSynchronization)
    HAL_TIM_Base_Init                        0x08003199   Thumb Code    98  stm32h7xx_hal_tim.o(i.HAL_TIM_Base_Init)
    HAL_TIM_Base_MspInit                     0x080031fd   Thumb Code    88  tim.o(i.HAL_TIM_Base_MspInit)
    HAL_TIM_Base_Start_IT                    0x08003261   Thumb Code   106  stm32h7xx_hal_tim.o(i.HAL_TIM_Base_Start_IT)
    HAL_TIM_IC_CaptureCallback               0x080032ed   Thumb Code     2  stm32h7xx_hal_tim.o(i.HAL_TIM_IC_CaptureCallback)
    HAL_TIM_IC_ConfigChannel                 0x080032ef   Thumb Code   290  stm32h7xx_hal_tim.o(i.HAL_TIM_IC_ConfigChannel)
    HAL_TIM_IC_Init                          0x08003411   Thumb Code    98  stm32h7xx_hal_tim.o(i.HAL_TIM_IC_Init)
    HAL_TIM_IC_MspInit                       0x08003473   Thumb Code     2  stm32h7xx_hal_tim.o(i.HAL_TIM_IC_MspInit)
    HAL_TIM_IRQHandler                       0x08003475   Thumb Code   330  stm32h7xx_hal_tim.o(i.HAL_TIM_IRQHandler)
    HAL_TIM_MspPostInit                      0x080035c1   Thumb Code   108  tim.o(i.HAL_TIM_MspPostInit)
    HAL_TIM_OC_DelayElapsedCallback          0x08003639   Thumb Code     2  stm32h7xx_hal_tim.o(i.HAL_TIM_OC_DelayElapsedCallback)
    HAL_TIM_PWM_ConfigChannel                0x0800363b   Thumb Code   292  stm32h7xx_hal_tim.o(i.HAL_TIM_PWM_ConfigChannel)
    HAL_TIM_PWM_Init                         0x0800375f   Thumb Code    98  stm32h7xx_hal_tim.o(i.HAL_TIM_PWM_Init)
    HAL_TIM_PWM_MspInit                      0x080037c1   Thumb Code    30  tim.o(i.HAL_TIM_PWM_MspInit)
    HAL_TIM_PWM_PulseFinishedCallback        0x080037e5   Thumb Code     2  stm32h7xx_hal_tim.o(i.HAL_TIM_PWM_PulseFinishedCallback)
    HAL_TIM_PeriodElapsedCallback            0x080037e9   Thumb Code    14  main.o(i.HAL_TIM_PeriodElapsedCallback)
    HAL_TIM_SlaveConfigSynchro               0x080037fd   Thumb Code    82  stm32h7xx_hal_tim.o(i.HAL_TIM_SlaveConfigSynchro)
    HAL_TIM_TriggerCallback                  0x0800384f   Thumb Code     2  stm32h7xx_hal_tim.o(i.HAL_TIM_TriggerCallback)
    HAL_UARTEx_DisableFifoMode               0x08003851   Thumb Code    62  stm32h7xx_hal_uart_ex.o(i.HAL_UARTEx_DisableFifoMode)
    HAL_UARTEx_SetRxFifoThreshold            0x0800388f   Thumb Code    76  stm32h7xx_hal_uart_ex.o(i.HAL_UARTEx_SetRxFifoThreshold)
    HAL_UARTEx_SetTxFifoThreshold            0x080038db   Thumb Code    76  stm32h7xx_hal_uart_ex.o(i.HAL_UARTEx_SetTxFifoThreshold)
    HAL_UART_Init                            0x08003927   Thumb Code   106  stm32h7xx_hal_uart.o(i.HAL_UART_Init)
    HAL_UART_MspInit                         0x08003991   Thumb Code   462  usart.o(i.HAL_UART_MspInit)
    HAL_UART_Transmit                        0x08003b85   Thumb Code   174  stm32h7xx_hal_uart.o(i.HAL_UART_Transmit)
    HardFault_Handler                        0x08003c33   Thumb Code     2  stm32h7xx_it.o(i.HardFault_Handler)
    MX_ADC1_Init                             0x08003c75   Thumb Code   130  adc.o(i.MX_ADC1_Init)
    MX_FREERTOS_Init                         0x08003d05   Thumb Code   118  freertos.o(i.MX_FREERTOS_Init)
    MX_GPIO_Init                             0x08003d85   Thumb Code   302  gpio.o(i.MX_GPIO_Init)
    MX_I2C1_Init                             0x08003ecd   Thumb Code    76  i2c.o(i.MX_I2C1_Init)
    MX_I2C3_Init                             0x08003f25   Thumb Code    76  i2c.o(i.MX_I2C3_Init)
    MX_LPUART1_UART_Init                     0x08003f7d   Thumb Code    94  usart.o(i.MX_LPUART1_UART_Init)
    MX_SPI1_Init                             0x08003fe5   Thumb Code    82  spi.o(i.MX_SPI1_Init)
    MX_TIM2_Init                             0x08004041   Thumb Code   152  tim.o(i.MX_TIM2_Init)
    MX_TIM3_Init                             0x080040dd   Thumb Code   140  tim.o(i.MX_TIM3_Init)
    MX_UART4_Init                            0x08004171   Thumb Code    94  usart.o(i.MX_UART4_Init)
    MX_USART2_UART_Init                      0x080041d9   Thumb Code    94  usart.o(i.MX_USART2_UART_Init)
    MX_USART3_UART_Init                      0x08004241   Thumb Code    94  usart.o(i.MX_USART3_UART_Init)
    MX_USART6_UART_Init                      0x080042a9   Thumb Code    94  usart.o(i.MX_USART6_UART_Init)
    MemManage_Handler                        0x08004311   Thumb Code     2  stm32h7xx_it.o(i.MemManage_Handler)
    NMI_Handler                              0x08004313   Thumb Code     2  stm32h7xx_it.o(i.NMI_Handler)
    PeriphCommonClock_Config                 0x08004315   Thumb Code    42  main.o(i.PeriphCommonClock_Config)
    StartDefaultTask                         0x08004569   Thumb Code    42  freertos.o(i.StartDefaultTask)
    SysTick_Handler                          0x08004599   Thumb Code    38  port.o(i.SysTick_Handler)
    SystemClock_Config                       0x080045c5   Thumb Code   162  main.o(i.SystemClock_Config)
    SystemInit                               0x08004671   Thumb Code   180  system_stm32h7xx.o(i.SystemInit)
    TIM17_IRQHandler                         0x0800474d   Thumb Code     6  stm32h7xx_it.o(i.TIM17_IRQHandler)
    TIM_Base_SetConfig                       0x08004759   Thumb Code   174  stm32h7xx_hal_tim.o(i.TIM_Base_SetConfig)
    TIM_ETR_SetConfig                        0x08004829   Thumb Code    20  stm32h7xx_hal_tim.o(i.TIM_ETR_SetConfig)
    TIM_OC2_SetConfig                        0x080048d9   Thumb Code   120  stm32h7xx_hal_tim.o(i.TIM_OC2_SetConfig)
    TIM_TI1_SetConfig                        0x08004c49   Thumb Code   100  stm32h7xx_hal_tim.o(i.TIM_TI1_SetConfig)
    UART_AdvFeatureConfig                    0x08004d69   Thumb Code   200  stm32h7xx_hal_uart.o(i.UART_AdvFeatureConfig)
    UART_CheckIdleState                      0x08004e31   Thumb Code   172  stm32h7xx_hal_uart.o(i.UART_CheckIdleState)
    UART_SetConfig                           0x08004f31   Thumb Code   862  stm32h7xx_hal_uart.o(i.UART_SetConfig)
    UART_WaitOnFlagUntilTimeout              0x080052cd   Thumb Code   146  stm32h7xx_hal_uart.o(i.UART_WaitOnFlagUntilTimeout)
    UsageFault_Handler                       0x0800535f   Thumb Code     2  stm32h7xx_it.o(i.UsageFault_Handler)
    __0printf$1                              0x08005361   Thumb Code    22  printf1.o(i.__0printf$1)
    __1printf$1                              0x08005361   Thumb Code     0  printf1.o(i.__0printf$1)
    __2printf                                0x08005361   Thumb Code     0  printf1.o(i.__0printf$1)
    __scatterload_copy                       0x080053a1   Thumb Code    14  handlers.o(i.__scatterload_copy)
    __scatterload_null                       0x080053af   Thumb Code     2  handlers.o(i.__scatterload_null)
    __scatterload_zeroinit                   0x080053b1   Thumb Code    14  handlers.o(i.__scatterload_zeroinit)
    airTask                                  0x08005515   Thumb Code    58  freertos.o(i.airTask)
    button_kernel                            0x0800555d   Thumb Code   128  pushbutton.o(i.button_kernel)
    fputc                                    0x08005605   Thumb Code    20  usart.o(i.fputc)
    main                                     0x08005629   Thumb Code   290  main.o(i.main)
    movtionTask                              0x0800576d   Thumb Code    12  freertos.o(i.movtionTask)
    osDelay                                  0x08005779   Thumb Code    14  cmsis_os.o(i.osDelay)
    osKernelStart                            0x08005787   Thumb Code    10  cmsis_os.o(i.osKernelStart)
    osMessageCreate                          0x08005791   Thumb Code    38  cmsis_os.o(i.osMessageCreate)
    osMessageGet                             0x080057b9   Thumb Code   144  cmsis_os.o(i.osMessageGet)
    osMessagePut                             0x0800584d   Thumb Code    88  cmsis_os.o(i.osMessagePut)
    osThreadCreate                           0x080058a9   Thumb Code    84  cmsis_os.o(i.osThreadCreate)
    pushButtonQueueProcess                   0x08005d79   Thumb Code    70  pushbutton.o(i.pushButtonQueueProcess)
    pushButtonTask                           0x08005e05   Thumb Code    60  freertos.o(i.pushButtonTask)
    pvPortMalloc                             0x08005e59   Thumb Code   216  heap_4.o(i.pvPortMalloc)
    pxPortInitialiseStack                    0x08005f35   Thumb Code    40  port.o(i.pxPortInitialiseStack)
    uxListRemove                             0x08005f61   Thumb Code    38  list.o(i.uxListRemove)
    vApplicationGetIdleTaskMemory            0x08005f89   Thumb Code    16  freertos.o(i.vApplicationGetIdleTaskMemory)
    vListInitialise                          0x08005f9d   Thumb Code    22  list.o(i.vListInitialise)
    vListInitialiseItem                      0x08005fb3   Thumb Code     6  list.o(i.vListInitialiseItem)
    vListInsert                              0x08005fb9   Thumb Code    48  list.o(i.vListInsert)
    vListInsertEnd                           0x08005fe9   Thumb Code    24  list.o(i.vListInsertEnd)
    vPortEnterCritical                       0x08006001   Thumb Code    54  port.o(i.vPortEnterCritical)
    vPortExitCritical                        0x08006041   Thumb Code    34  port.o(i.vPortExitCritical)
    vPortFree                                0x08006069   Thumb Code    94  heap_4.o(i.vPortFree)
    vPortSetupTimerInterrupt                 0x080060cd   Thumb Code    32  port.o(i.vPortSetupTimerInterrupt)
    vPortValidateInterruptPriority           0x080060f1   Thumb Code    74  port.o(i.vPortValidateInterruptPriority)
    vTaskDelay                               0x08006145   Thumb Code    66  tasks.o(i.vTaskDelay)
    vTaskInternalSetTimeOutState             0x08006191   Thumb Code    12  tasks.o(i.vTaskInternalSetTimeOutState)
    vTaskMissedYield                         0x080061a1   Thumb Code     8  tasks.o(i.vTaskMissedYield)
    vTaskPlaceOnEventList                    0x080061ad   Thumb Code    44  tasks.o(i.vTaskPlaceOnEventList)
    vTaskStartScheduler                      0x080061dd   Thumb Code    90  tasks.o(i.vTaskStartScheduler)
    vTaskSuspendAll                          0x08006249   Thumb Code    10  tasks.o(i.vTaskSuspendAll)
    vTaskSwitchContext                       0x08006259   Thumb Code    82  tasks.o(i.vTaskSwitchContext)
    xPortStartScheduler                      0x080062b5   Thumb Code   224  port.o(i.xPortStartScheduler)
    xQueueGenericCreate                      0x080063a9   Thumb Code    66  queue.o(i.xQueueGenericCreate)
    xQueueGenericCreateStatic                0x080063eb   Thumb Code   102  queue.o(i.xQueueGenericCreateStatic)
    xQueueGenericReset                       0x08006451   Thumb Code   132  queue.o(i.xQueueGenericReset)
    xQueueGenericSend                        0x080064d9   Thumb Code   350  queue.o(i.xQueueGenericSend)
    xQueueGenericSendFromISR                 0x0800663d   Thumb Code   190  queue.o(i.xQueueGenericSendFromISR)
    xQueueReceive                            0x080066fd   Thumb Code   308  queue.o(i.xQueueReceive)
    xQueueReceiveFromISR                     0x08006835   Thumb Code   154  queue.o(i.xQueueReceiveFromISR)
    xTaskCheckForTimeOut                     0x080068d1   Thumb Code   112  tasks.o(i.xTaskCheckForTimeOut)
    xTaskCreate                              0x08006945   Thumb Code    90  tasks.o(i.xTaskCreate)
    xTaskCreateStatic                        0x0800699f   Thumb Code    90  tasks.o(i.xTaskCreateStatic)
    xTaskGetSchedulerState                   0x080069f9   Thumb Code    22  tasks.o(i.xTaskGetSchedulerState)
    xTaskIncrementTick                       0x08006a15   Thumb Code   194  tasks.o(i.xTaskIncrementTick)
    xTaskPriorityDisinherit                  0x08006ae1   Thumb Code   144  tasks.o(i.xTaskPriorityDisinherit)
    xTaskRemoveFromEventList                 0x08006b79   Thumb Code   108  tasks.o(i.xTaskRemoveFromEventList)
    xTaskResumeAll                           0x08006bed   Thumb Code   182  tasks.o(i.xTaskResumeAll)
    UARTPrescTable                           0x08006d30   Data          24  stm32h7xx_hal_uart.o(.constdata)
    D1CorePrescTable                         0x08006d58   Data          16  system_stm32h7xx.o(.constdata)
    Region$$Table$$Base                      0x08006d8c   Number         0  anon$$obj.o(Region$$Table)
    Region$$Table$$Limit                     0x08006dac   Number         0  anon$$obj.o(Region$$Table)
    button1                                  0x24000000   Data           6  pushbutton.o(.data)
    button2                                  0x24000006   Data           6  pushbutton.o(.data)
    button3                                  0x2400000c   Data           6  pushbutton.o(.data)
    button4                                  0x24000012   Data           6  pushbutton.o(.data)
    button5                                  0x24000018   Data           6  pushbutton.o(.data)
    defaultTaskHandle                        0x24000020   Data           4  freertos.o(.data)
    airHandle                                0x24000024   Data           4  freertos.o(.data)
    movtionHandle                            0x24000028   Data           4  freertos.o(.data)
    pushButtonHandle                         0x2400002c   Data           4  freertos.o(.data)
    pushButtonQueueHandle                    0x24000030   Data           4  freertos.o(.data)
    uwTickFreq                               0x24000034   Data           1  stm32h7xx_hal.o(.data)
    uwTickPrio                               0x24000038   Data           4  stm32h7xx_hal.o(.data)
    uwTick                                   0x2400003c   Data           4  stm32h7xx_hal.o(.data)
    SystemCoreClock                          0x24000040   Data           4  system_stm32h7xx.o(.data)
    SystemD2Clock                            0x24000044   Data           4  system_stm32h7xx.o(.data)
    pxCurrentTCB                             0x24000048   Data           4  tasks.o(.data)
    __stdout                                 0x240000b0   Data           4  stdout.o(.data)
    hadc1                                    0x24000308   Data         100  adc.o(.bss)
    hi2c1                                    0x2400036c   Data          84  i2c.o(.bss)
    hi2c3                                    0x240003c0   Data          84  i2c.o(.bss)
    hlpuart1                                 0x24000414   Data         148  usart.o(.bss)
    huart4                                   0x240004a8   Data         148  usart.o(.bss)
    huart2                                   0x2400053c   Data         148  usart.o(.bss)
    huart3                                   0x240005d0   Data         148  usart.o(.bss)
    huart6                                   0x24000664   Data         148  usart.o(.bss)
    hspi1                                    0x240006f8   Data         136  spi.o(.bss)
    htim2                                    0x24000780   Data          76  tim.o(.bss)
    htim3                                    0x240007cc   Data          76  tim.o(.bss)
    htim17                                   0x24000818   Data          76  stm32h7xx_hal_timebase_tim.o(.bss)
    __initial_sp                             0x24004d58   Data           0  startup_stm32h743xx.o(STACK)



==============================================================================

Memory Map of the image

  Image Entry point : 0x08000299

  Load Region LR_IROM1 (Base: 0x08000000, Size: 0x00006e60, Max: 0x00200000, ABSOLUTE)

    Execution Region ER_IROM1 (Exec base: 0x08000000, Load base: 0x08000000, Size: 0x00006dac, Max: 0x00200000, ABSOLUTE)

    Exec Addr    Load Addr    Size         Type   Attr      Idx    E Section Name        Object

    0x08000000   0x08000000   0x00000298   Data   RO            3    RESET               startup_stm32h743xx.o
    0x08000298   0x08000298   0x00000000   Code   RO         6882  * .ARM.Collect$$$$00000000  mc_w.l(entry.o)
    0x08000298   0x08000298   0x00000004   Code   RO         7156    .ARM.Collect$$$$00000001  mc_w.l(entry2.o)
    0x0800029c   0x0800029c   0x00000004   Code   RO         7159    .ARM.Collect$$$$00000004  mc_w.l(entry5.o)
    0x080002a0   0x080002a0   0x00000000   Code   RO         7161    .ARM.Collect$$$$00000008  mc_w.l(entry7b.o)
    0x080002a0   0x080002a0   0x00000000   Code   RO         7163    .ARM.Collect$$$$0000000A  mc_w.l(entry8b.o)
    0x080002a0   0x080002a0   0x00000008   Code   RO         7164    .ARM.Collect$$$$0000000B  mc_w.l(entry9a.o)
    0x080002a8   0x080002a8   0x00000004   Code   RO         7171    .ARM.Collect$$$$0000000E  mc_w.l(entry12b.o)
    0x080002ac   0x080002ac   0x00000000   Code   RO         7166    .ARM.Collect$$$$0000000F  mc_w.l(entry10a.o)
    0x080002ac   0x080002ac   0x00000000   Code   RO         7168    .ARM.Collect$$$$00000011  mc_w.l(entry11a.o)
    0x080002ac   0x080002ac   0x00000004   Code   RO         7157    .ARM.Collect$$$$00002712  mc_w.l(entry2.o)
    0x080002b0   0x080002b0   0x000000be   Code   RO         6805    .emb_text           port.o
    0x0800036e   0x0800036e   0x00000002   PAD
    0x08000370   0x08000370   0x00000024   Code   RO            4    .text               startup_stm32h743xx.o
    0x08000394   0x08000394   0x00000062   Code   RO         6885    .text               mc_w.l(uldiv.o)
    0x080003f6   0x080003f6   0x00000024   Code   RO         6887    .text               mc_w.l(memcpya.o)
    0x0800041a   0x0800041a   0x00000024   Code   RO         6891    .text               mc_w.l(memseta.o)
    0x0800043e   0x0800043e   0x0000002c   Code   RO         7173    .text               mc_w.l(uidiv.o)
    0x0800046a   0x0800046a   0x0000001e   Code   RO         7175    .text               mc_w.l(llshl.o)
    0x08000488   0x08000488   0x00000020   Code   RO         7177    .text               mc_w.l(llushr.o)
    0x080004a8   0x080004a8   0x00000024   Code   RO         7190    .text               mc_w.l(init.o)
    0x080004cc   0x080004cc   0x00000108   Code   RO          804    i.ADC_ConfigureBoostMode  stm32h7xx_hal_adc.o
    0x080005d4   0x080005d4   0x00000002   Code   RO          677    i.BusFault_Handler  stm32h7xx_it.o
    0x080005d6   0x080005d6   0x00000002   Code   RO          678    i.DebugMon_Handler  stm32h7xx_it.o
    0x080005d8   0x080005d8   0x00000004   Code   RO          237    i.Error_Handler     main.o
    0x080005dc   0x080005dc   0x00000120   Code   RO         1051    i.HAL_ADCEx_MultiModeConfigChannel  stm32h7xx_hal_adc_ex.o
    0x080006fc   0x080006fc   0x000003d4   Code   RO          812    i.HAL_ADC_ConfigChannel  stm32h7xx_hal_adc.o
    0x08000ad0   0x08000ad0   0x00000220   Code   RO          821    i.HAL_ADC_Init      stm32h7xx_hal_adc.o
    0x08000cf0   0x08000cf0   0x00000084   Code   RO          404    i.HAL_ADC_MspInit   adc.o
    0x08000d74   0x08000d74   0x000001dc   Code   RO         1760    i.HAL_GPIO_Init     stm32h7xx_hal_gpio.o
    0x08000f50   0x08000f50   0x0000000a   Code   RO         1762    i.HAL_GPIO_ReadPin  stm32h7xx_hal_gpio.o
    0x08000f5a   0x08000f5a   0x00000010   Code   RO         1763    i.HAL_GPIO_TogglePin  stm32h7xx_hal_gpio.o
    0x08000f6a   0x08000f6a   0x0000000a   Code   RO         1764    i.HAL_GPIO_WritePin  stm32h7xx_hal_gpio.o
    0x08000f74   0x08000f74   0x0000000c   Code   RO         2785    i.HAL_GetREVID      stm32h7xx_hal.o
    0x08000f80   0x08000f80   0x0000000c   Code   RO         2786    i.HAL_GetTick       stm32h7xx_hal.o
    0x08000f8c   0x08000f8c   0x00000056   Code   RO         3551    i.HAL_I2CEx_ConfigAnalogFilter  stm32h7xx_hal_i2c_ex.o
    0x08000fe2   0x08000fe2   0x00000052   Code   RO         3552    i.HAL_I2CEx_ConfigDigitalFilter  stm32h7xx_hal_i2c_ex.o
    0x08001034   0x08001034   0x000000bc   Code   RO         3090    i.HAL_I2C_Init      stm32h7xx_hal_i2c.o
    0x080010f0   0x080010f0   0x0000011c   Code   RO          446    i.HAL_I2C_MspInit   i2c.o
    0x0800120c   0x0800120c   0x00000010   Code   RO         2792    i.HAL_IncTick       stm32h7xx_hal.o
    0x0800121c   0x0800121c   0x0000005c   Code   RO         2793    i.HAL_Init          stm32h7xx_hal.o
    0x08001278   0x08001278   0x00000084   Code   RO          765    i.HAL_InitTick      stm32h7xx_hal_timebase_tim.o
    0x080012fc   0x080012fc   0x00000054   Code   RO         2615    i.HAL_MPU_ConfigRegion  stm32h7xx_hal_cortex.o
    0x08001350   0x08001350   0x0000001c   Code   RO         2616    i.HAL_MPU_Disable   stm32h7xx_hal_cortex.o
    0x0800136c   0x0800136c   0x00000024   Code   RO         2618    i.HAL_MPU_Enable    stm32h7xx_hal_cortex.o
    0x08001390   0x08001390   0x00000024   Code   RO          741    i.HAL_MspInit       stm32h7xx_hal_msp.o
    0x080013b4   0x080013b4   0x0000001a   Code   RO         2622    i.HAL_NVIC_EnableIRQ  stm32h7xx_hal_cortex.o
    0x080013ce   0x080013ce   0x00000002   PAD
    0x080013d0   0x080013d0   0x00000040   Code   RO         2628    i.HAL_NVIC_SetPriority  stm32h7xx_hal_cortex.o
    0x08001410   0x08001410   0x00000024   Code   RO         2629    i.HAL_NVIC_SetPriorityGrouping  stm32h7xx_hal_cortex.o
    0x08001434   0x08001434   0x00000050   Code   RO         2361    i.HAL_PWREx_ConfigSupply  stm32h7xx_hal_pwr_ex.o
    0x08001484   0x08001484   0x00000024   Code   RO         1381    i.HAL_RCCEx_GetD3PCLK1Freq  stm32h7xx_hal_rcc_ex.o
    0x080014a8   0x080014a8   0x00000158   Code   RO         1382    i.HAL_RCCEx_GetPLL1ClockFreq  stm32h7xx_hal_rcc_ex.o
    0x08001600   0x08001600   0x0000013c   Code   RO         1383    i.HAL_RCCEx_GetPLL2ClockFreq  stm32h7xx_hal_rcc_ex.o
    0x0800173c   0x0800173c   0x0000013c   Code   RO         1384    i.HAL_RCCEx_GetPLL3ClockFreq  stm32h7xx_hal_rcc_ex.o
    0x08001878   0x08001878   0x000002dc   Code   RO         1386    i.HAL_RCCEx_GetPeriphCLKFreq  stm32h7xx_hal_rcc_ex.o
    0x08001b54   0x08001b54   0x000009a8   Code   RO         1390    i.HAL_RCCEx_PeriphCLKConfig  stm32h7xx_hal_rcc_ex.o
    0x080024fc   0x080024fc   0x00000270   Code   RO         1266    i.HAL_RCC_ClockConfig  stm32h7xx_hal_rcc.o
    0x0800276c   0x0800276c   0x00000060   Code   RO         1270    i.HAL_RCC_GetClockConfig  stm32h7xx_hal_rcc.o
    0x080027cc   0x080027cc   0x00000044   Code   RO         1271    i.HAL_RCC_GetHCLKFreq  stm32h7xx_hal_rcc.o
    0x08002810   0x08002810   0x00000024   Code   RO         1273    i.HAL_RCC_GetPCLK1Freq  stm32h7xx_hal_rcc.o
    0x08002834   0x08002834   0x00000024   Code   RO         1274    i.HAL_RCC_GetPCLK2Freq  stm32h7xx_hal_rcc.o
    0x08002858   0x08002858   0x00000130   Code   RO         1275    i.HAL_RCC_GetSysClockFreq  stm32h7xx_hal_rcc.o
    0x08002988   0x08002988   0x0000056e   Code   RO         1278    i.HAL_RCC_OscConfig  stm32h7xx_hal_rcc.o
    0x08002ef6   0x08002ef6   0x00000002   PAD
    0x08002ef8   0x08002ef8   0x00000170   Code   RO         4226    i.HAL_SPI_Init      stm32h7xx_hal_spi.o
    0x08003068   0x08003068   0x00000084   Code   RO          570    i.HAL_SPI_MspInit   spi.o
    0x080030ec   0x080030ec   0x00000002   Code   RO         5260    i.HAL_TIMEx_Break2Callback  stm32h7xx_hal_tim_ex.o
    0x080030ee   0x080030ee   0x00000002   Code   RO         5261    i.HAL_TIMEx_BreakCallback  stm32h7xx_hal_tim_ex.o
    0x080030f0   0x080030f0   0x00000002   Code   RO         5262    i.HAL_TIMEx_CommutCallback  stm32h7xx_hal_tim_ex.o
    0x080030f2   0x080030f2   0x00000002   PAD
    0x080030f4   0x080030f4   0x000000a4   Code   RO         5282    i.HAL_TIMEx_MasterConfigSynchronization  stm32h7xx_hal_tim_ex.o
    0x08003198   0x08003198   0x00000062   Code   RO         4546    i.HAL_TIM_Base_Init  stm32h7xx_hal_tim.o
    0x080031fa   0x080031fa   0x00000002   PAD
    0x080031fc   0x080031fc   0x00000064   Code   RO          612    i.HAL_TIM_Base_MspInit  tim.o
    0x08003260   0x08003260   0x0000008c   Code   RO         4551    i.HAL_TIM_Base_Start_IT  stm32h7xx_hal_tim.o
    0x080032ec   0x080032ec   0x00000002   Code   RO         4580    i.HAL_TIM_IC_CaptureCallback  stm32h7xx_hal_tim.o
    0x080032ee   0x080032ee   0x00000122   Code   RO         4582    i.HAL_TIM_IC_ConfigChannel  stm32h7xx_hal_tim.o
    0x08003410   0x08003410   0x00000062   Code   RO         4585    i.HAL_TIM_IC_Init   stm32h7xx_hal_tim.o
    0x08003472   0x08003472   0x00000002   Code   RO         4587    i.HAL_TIM_IC_MspInit  stm32h7xx_hal_tim.o
    0x08003474   0x08003474   0x0000014a   Code   RO         4594    i.HAL_TIM_IRQHandler  stm32h7xx_hal_tim.o
    0x080035be   0x080035be   0x00000002   PAD
    0x080035c0   0x080035c0   0x00000078   Code   RO          613    i.HAL_TIM_MspPostInit  tim.o
    0x08003638   0x08003638   0x00000002   Code   RO         4597    i.HAL_TIM_OC_DelayElapsedCallback  stm32h7xx_hal_tim.o
    0x0800363a   0x0800363a   0x00000124   Code   RO         4618    i.HAL_TIM_PWM_ConfigChannel  stm32h7xx_hal_tim.o
    0x0800375e   0x0800375e   0x00000062   Code   RO         4621    i.HAL_TIM_PWM_Init  stm32h7xx_hal_tim.o
    0x080037c0   0x080037c0   0x00000024   Code   RO          615    i.HAL_TIM_PWM_MspInit  tim.o
    0x080037e4   0x080037e4   0x00000002   Code   RO         4624    i.HAL_TIM_PWM_PulseFinishedCallback  stm32h7xx_hal_tim.o
    0x080037e6   0x080037e6   0x00000002   PAD
    0x080037e8   0x080037e8   0x00000014   Code   RO          238    i.HAL_TIM_PeriodElapsedCallback  main.o
    0x080037fc   0x080037fc   0x00000052   Code   RO         4635    i.HAL_TIM_SlaveConfigSynchro  stm32h7xx_hal_tim.o
    0x0800384e   0x0800384e   0x00000002   Code   RO         4637    i.HAL_TIM_TriggerCallback  stm32h7xx_hal_tim.o
    0x08003850   0x08003850   0x0000003e   Code   RO         4097    i.HAL_UARTEx_DisableFifoMode  stm32h7xx_hal_uart_ex.o
    0x0800388e   0x0800388e   0x0000004c   Code   RO         4106    i.HAL_UARTEx_SetRxFifoThreshold  stm32h7xx_hal_uart_ex.o
    0x080038da   0x080038da   0x0000004c   Code   RO         4107    i.HAL_UARTEx_SetTxFifoThreshold  stm32h7xx_hal_uart_ex.o
    0x08003926   0x08003926   0x0000006a   Code   RO         3706    i.HAL_UART_Init     stm32h7xx_hal_uart.o
    0x08003990   0x08003990   0x000001f4   Code   RO          494    i.HAL_UART_MspInit  usart.o
    0x08003b84   0x08003b84   0x000000ae   Code   RO         3715    i.HAL_UART_Transmit  stm32h7xx_hal_uart.o
    0x08003c32   0x08003c32   0x00000002   Code   RO          679    i.HardFault_Handler  stm32h7xx_it.o
    0x08003c34   0x08003c34   0x00000008   Code   RO          833    i.LL_ADC_INJ_IsConversionOngoing  stm32h7xx_hal_adc.o
    0x08003c3c   0x08003c3c   0x00000008   Code   RO          834    i.LL_ADC_IsEnabled  stm32h7xx_hal_adc.o
    0x08003c44   0x08003c44   0x00000008   Code   RO          835    i.LL_ADC_REG_IsConversionOngoing  stm32h7xx_hal_adc.o
    0x08003c4c   0x08003c4c   0x00000008   Code   RO         1062    i.LL_ADC_REG_IsConversionOngoing  stm32h7xx_hal_adc_ex.o
    0x08003c54   0x08003c54   0x0000001e   Code   RO          838    i.LL_ADC_SetChannelSamplingTime  stm32h7xx_hal_adc.o
    0x08003c72   0x08003c72   0x00000002   PAD
    0x08003c74   0x08003c74   0x00000090   Code   RO          405    i.MX_ADC1_Init      adc.o
    0x08003d04   0x08003d04   0x00000080   Code   RO          331    i.MX_FREERTOS_Init  freertos.o
    0x08003d84   0x08003d84   0x00000148   Code   RO          307    i.MX_GPIO_Init      gpio.o
    0x08003ecc   0x08003ecc   0x00000058   Code   RO          447    i.MX_I2C1_Init      i2c.o
    0x08003f24   0x08003f24   0x00000058   Code   RO          448    i.MX_I2C3_Init      i2c.o
    0x08003f7c   0x08003f7c   0x00000068   Code   RO          495    i.MX_LPUART1_UART_Init  usart.o
    0x08003fe4   0x08003fe4   0x0000005c   Code   RO          571    i.MX_SPI1_Init      spi.o
    0x08004040   0x08004040   0x0000009c   Code   RO          616    i.MX_TIM2_Init      tim.o
    0x080040dc   0x080040dc   0x00000094   Code   RO          617    i.MX_TIM3_Init      tim.o
    0x08004170   0x08004170   0x00000068   Code   RO          496    i.MX_UART4_Init     usart.o
    0x080041d8   0x080041d8   0x00000068   Code   RO          497    i.MX_USART2_UART_Init  usart.o
    0x08004240   0x08004240   0x00000068   Code   RO          498    i.MX_USART3_UART_Init  usart.o
    0x080042a8   0x080042a8   0x00000068   Code   RO          499    i.MX_USART6_UART_Init  usart.o
    0x08004310   0x08004310   0x00000002   Code   RO          680    i.MemManage_Handler  stm32h7xx_it.o
    0x08004312   0x08004312   0x00000002   Code   RO          681    i.NMI_Handler       stm32h7xx_it.o
    0x08004314   0x08004314   0x0000002a   Code   RO          239    i.PeriphCommonClock_Config  main.o
    0x0800433e   0x0800433e   0x00000002   PAD
    0x08004340   0x08004340   0x00000114   Code   RO         1393    i.RCCEx_PLL2_Config  stm32h7xx_hal_rcc_ex.o
    0x08004454   0x08004454   0x00000114   Code   RO         1394    i.RCCEx_PLL3_Config  stm32h7xx_hal_rcc_ex.o
    0x08004568   0x08004568   0x00000030   Code   RO          332    i.StartDefaultTask  freertos.o
    0x08004598   0x08004598   0x0000002c   Code   RO         6806    i.SysTick_Handler   port.o
    0x080045c4   0x080045c4   0x000000ac   Code   RO          240    i.SystemClock_Config  main.o
    0x08004670   0x08004670   0x000000dc   Code   RO         5552    i.SystemInit        system_stm32h7xx.o
    0x0800474c   0x0800474c   0x0000000c   Code   RO          682    i.TIM17_IRQHandler  stm32h7xx_it.o
    0x08004758   0x08004758   0x000000d0   Code   RO         4639    i.TIM_Base_SetConfig  stm32h7xx_hal_tim.o
    0x08004828   0x08004828   0x00000014   Code   RO         4650    i.TIM_ETR_SetConfig  stm32h7xx_hal_tim.o
    0x0800483c   0x0800483c   0x0000009c   Code   RO         4652    i.TIM_OC1_SetConfig  stm32h7xx_hal_tim.o
    0x080048d8   0x080048d8   0x00000090   Code   RO         4653    i.TIM_OC2_SetConfig  stm32h7xx_hal_tim.o
    0x08004968   0x08004968   0x00000090   Code   RO         4654    i.TIM_OC3_SetConfig  stm32h7xx_hal_tim.o
    0x080049f8   0x080049f8   0x00000074   Code   RO         4655    i.TIM_OC4_SetConfig  stm32h7xx_hal_tim.o
    0x08004a6c   0x08004a6c   0x00000070   Code   RO         4656    i.TIM_OC5_SetConfig  stm32h7xx_hal_tim.o
    0x08004adc   0x08004adc   0x00000070   Code   RO         4657    i.TIM_OC6_SetConfig  stm32h7xx_hal_tim.o
    0x08004b4c   0x08004b4c   0x000000d8   Code   RO         4658    i.TIM_SlaveTimer_SetConfig  stm32h7xx_hal_tim.o
    0x08004c24   0x08004c24   0x00000022   Code   RO         4659    i.TIM_TI1_ConfigInputStage  stm32h7xx_hal_tim.o
    0x08004c46   0x08004c46   0x00000002   PAD
    0x08004c48   0x08004c48   0x00000080   Code   RO         4660    i.TIM_TI1_SetConfig  stm32h7xx_hal_tim.o
    0x08004cc8   0x08004cc8   0x00000024   Code   RO         4661    i.TIM_TI2_ConfigInputStage  stm32h7xx_hal_tim.o
    0x08004cec   0x08004cec   0x00000036   Code   RO         4662    i.TIM_TI2_SetConfig  stm32h7xx_hal_tim.o
    0x08004d22   0x08004d22   0x00000002   PAD
    0x08004d24   0x08004d24   0x00000044   Code   RO         4111    i.UARTEx_SetNbDataToProcess  stm32h7xx_hal_uart_ex.o
    0x08004d68   0x08004d68   0x000000c8   Code   RO         3720    i.UART_AdvFeatureConfig  stm32h7xx_hal_uart.o
    0x08004e30   0x08004e30   0x000000ac   Code   RO         3721    i.UART_CheckIdleState  stm32h7xx_hal_uart.o
    0x08004edc   0x08004edc   0x00000054   Code   RO         3732    i.UART_EndRxTransfer  stm32h7xx_hal_uart.o
    0x08004f30   0x08004f30   0x0000039c   Code   RO         3738    i.UART_SetConfig    stm32h7xx_hal_uart.o
    0x080052cc   0x080052cc   0x00000092   Code   RO         3745    i.UART_WaitOnFlagUntilTimeout  stm32h7xx_hal_uart.o
    0x0800535e   0x0800535e   0x00000002   Code   RO          683    i.UsageFault_Handler  stm32h7xx_it.o
    0x08005360   0x08005360   0x00000020   Code   RO         6940    i.__0printf$1       mc_w.l(printf1.o)
    0x08005380   0x08005380   0x00000020   Code   RO         2635    i.__NVIC_SetPriority  stm32h7xx_hal_cortex.o
    0x080053a0   0x080053a0   0x0000000e   Code   RO         7198    i.__scatterload_copy  mc_w.l(handlers.o)
    0x080053ae   0x080053ae   0x00000002   Code   RO         7199    i.__scatterload_null  mc_w.l(handlers.o)
    0x080053b0   0x080053b0   0x0000000e   Code   RO         7200    i.__scatterload_zeroinit  mc_w.l(handlers.o)
    0x080053be   0x080053be   0x00000002   PAD
    0x080053c0   0x080053c0   0x00000154   Code   RO         6947    i._printf_core      mc_w.l(printf1.o)
    0x08005514   0x08005514   0x00000048   Code   RO          333    i.airTask           freertos.o
    0x0800555c   0x0800555c   0x000000a8   Code   RO           13    i.button_kernel     pushbutton.o
    0x08005604   0x08005604   0x00000018   Code   RO          500    i.fputc             usart.o
    0x0800561c   0x0800561c   0x0000000c   Code   RO         6369    i.inHandlerMode     cmsis_os.o
    0x08005628   0x08005628   0x00000138   Code   RO          241    i.main              main.o
    0x08005760   0x08005760   0x0000000c   Code   RO         6371    i.makeFreeRtosPriority  cmsis_os.o
    0x0800576c   0x0800576c   0x0000000c   Code   RO          334    i.movtionTask       freertos.o
    0x08005778   0x08005778   0x0000000e   Code   RO         6373    i.osDelay           cmsis_os.o
    0x08005786   0x08005786   0x0000000a   Code   RO         6376    i.osKernelStart     cmsis_os.o
    0x08005790   0x08005790   0x00000026   Code   RO         6385    i.osMessageCreate   cmsis_os.o
    0x080057b6   0x080057b6   0x00000002   PAD
    0x080057b8   0x080057b8   0x00000094   Code   RO         6387    i.osMessageGet      cmsis_os.o
    0x0800584c   0x0800584c   0x0000005c   Code   RO         6389    i.osMessagePut      cmsis_os.o
    0x080058a8   0x080058a8   0x00000054   Code   RO         6410    i.osThreadCreate    cmsis_os.o
    0x080058fc   0x080058fc   0x00000070   Code   RO         6053    i.prvAddCurrentTaskToDelayedList  tasks.o
    0x0800596c   0x0800596c   0x000000d0   Code   RO         6054    i.prvAddNewTaskToReadyList  tasks.o
    0x08005a3c   0x08005a3c   0x00000026   Code   RO         5729    i.prvCopyDataFromQueue  queue.o
    0x08005a62   0x08005a62   0x0000006c   Code   RO         5730    i.prvCopyDataToQueue  queue.o
    0x08005ace   0x08005ace   0x00000034   Code   RO         6055    i.prvDeleteTCB      tasks.o
    0x08005b02   0x08005b02   0x00000002   PAD
    0x08005b04   0x08005b04   0x0000004c   Code   RO         6738    i.prvHeapInit       heap_4.o
    0x08005b50   0x08005b50   0x0000005c   Code   RO         6056    i.prvIdleTask       tasks.o
    0x08005bac   0x08005bac   0x00000016   Code   RO         5732    i.prvInitialiseNewQueue  queue.o
    0x08005bc2   0x08005bc2   0x00000098   Code   RO         6057    i.prvInitialiseNewTask  tasks.o
    0x08005c5a   0x08005c5a   0x00000002   PAD
    0x08005c5c   0x08005c5c   0x0000004c   Code   RO         6739    i.prvInsertBlockIntoFreeList  heap_4.o
    0x08005ca8   0x08005ca8   0x0000001a   Code   RO         5733    i.prvIsQueueEmpty   queue.o
    0x08005cc2   0x08005cc2   0x00000002   PAD
    0x08005cc4   0x08005cc4   0x00000020   Code   RO         6058    i.prvResetNextTaskUnblockTime  tasks.o
    0x08005ce4   0x08005ce4   0x00000028   Code   RO         6807    i.prvTaskExitError  port.o
    0x08005d0c   0x08005d0c   0x0000006a   Code   RO         5734    i.prvUnlockQueue    queue.o
    0x08005d76   0x08005d76   0x00000002   PAD
    0x08005d78   0x08005d78   0x0000008c   Code   RO           14    i.pushButtonQueueProcess  pushbutton.o
    0x08005e04   0x08005e04   0x00000054   Code   RO          335    i.pushButtonTask    freertos.o
    0x08005e58   0x08005e58   0x000000dc   Code   RO         6740    i.pvPortMalloc      heap_4.o
    0x08005f34   0x08005f34   0x0000002c   Code   RO         6808    i.pxPortInitialiseStack  port.o
    0x08005f60   0x08005f60   0x00000026   Code   RO         5689    i.uxListRemove      list.o
    0x08005f86   0x08005f86   0x00000002   PAD
    0x08005f88   0x08005f88   0x00000014   Code   RO          336    i.vApplicationGetIdleTaskMemory  freertos.o
    0x08005f9c   0x08005f9c   0x00000016   Code   RO         5690    i.vListInitialise   list.o
    0x08005fb2   0x08005fb2   0x00000006   Code   RO         5691    i.vListInitialiseItem  list.o
    0x08005fb8   0x08005fb8   0x00000030   Code   RO         5692    i.vListInsert       list.o
    0x08005fe8   0x08005fe8   0x00000018   Code   RO         5693    i.vListInsertEnd    list.o
    0x08006000   0x08006000   0x00000040   Code   RO         6810    i.vPortEnterCritical  port.o
    0x08006040   0x08006040   0x00000028   Code   RO         6811    i.vPortExitCritical  port.o
    0x08006068   0x08006068   0x00000064   Code   RO         6741    i.vPortFree         heap_4.o
    0x080060cc   0x080060cc   0x00000024   Code   RO         6812    i.vPortSetupTimerInterrupt  port.o
    0x080060f0   0x080060f0   0x00000054   Code   RO         6813    i.vPortValidateInterruptPriority  port.o
    0x08006144   0x08006144   0x0000004c   Code   RO         6067    i.vTaskDelay        tasks.o
    0x08006190   0x08006190   0x00000010   Code   RO         6070    i.vTaskInternalSetTimeOutState  tasks.o
    0x080061a0   0x080061a0   0x0000000c   Code   RO         6071    i.vTaskMissedYield  tasks.o
    0x080061ac   0x080061ac   0x00000030   Code   RO         6073    i.vTaskPlaceOnEventList  tasks.o
    0x080061dc   0x080061dc   0x0000006c   Code   RO         6080    i.vTaskStartScheduler  tasks.o
    0x08006248   0x08006248   0x00000010   Code   RO         6082    i.vTaskSuspendAll   tasks.o
    0x08006258   0x08006258   0x0000005c   Code   RO         6083    i.vTaskSwitchContext  tasks.o
    0x080062b4   0x080062b4   0x000000f4   Code   RO         6814    i.xPortStartScheduler  port.o
    0x080063a8   0x080063a8   0x00000042   Code   RO         5743    i.xQueueGenericCreate  queue.o
    0x080063ea   0x080063ea   0x00000066   Code   RO         5744    i.xQueueGenericCreateStatic  queue.o
    0x08006450   0x08006450   0x00000088   Code   RO         5745    i.xQueueGenericReset  queue.o
    0x080064d8   0x080064d8   0x00000164   Code   RO         5746    i.xQueueGenericSend  queue.o
    0x0800663c   0x0800663c   0x000000be   Code   RO         5747    i.xQueueGenericSendFromISR  queue.o
    0x080066fa   0x080066fa   0x00000002   PAD
    0x080066fc   0x080066fc   0x00000138   Code   RO         5753    i.xQueueReceive     queue.o
    0x08006834   0x08006834   0x0000009a   Code   RO         5754    i.xQueueReceiveFromISR  queue.o
    0x080068ce   0x080068ce   0x00000002   PAD
    0x080068d0   0x080068d0   0x00000074   Code   RO         6085    i.xTaskCheckForTimeOut  tasks.o
    0x08006944   0x08006944   0x0000005a   Code   RO         6086    i.xTaskCreate       tasks.o
    0x0800699e   0x0800699e   0x0000005a   Code   RO         6087    i.xTaskCreateStatic  tasks.o
    0x080069f8   0x080069f8   0x0000001c   Code   RO         6091    i.xTaskGetSchedulerState  tasks.o
    0x08006a14   0x08006a14   0x000000cc   Code   RO         6094    i.xTaskIncrementTick  tasks.o
    0x08006ae0   0x08006ae0   0x00000098   Code   RO         6097    i.xTaskPriorityDisinherit  tasks.o
    0x08006b78   0x08006b78   0x00000074   Code   RO         6099    i.xTaskRemoveFromEventList  tasks.o
    0x08006bec   0x08006bec   0x000000c4   Code   RO         6100    i.xTaskResumeAll    tasks.o
    0x08006cb0   0x08006cb0   0x00000080   Data   RO          338    .constdata          freertos.o
    0x08006d30   0x08006d30   0x00000018   Data   RO         3746    .constdata          stm32h7xx_hal_uart.o
    0x08006d48   0x08006d48   0x00000010   Data   RO         4112    .constdata          stm32h7xx_hal_uart_ex.o
    0x08006d58   0x08006d58   0x00000010   Data   RO         5553    .constdata          system_stm32h7xx.o
    0x08006d68   0x08006d68   0x00000024   Data   RO          339    .conststring        freertos.o
    0x08006d8c   0x08006d8c   0x00000020   Data   RO         7196    Region$$Table       anon$$obj.o


    Execution Region RW_IRAM1 (Exec base: 0x20000000, Load base: 0x08006dac, Size: 0x00000000, Max: 0x00020000, ABSOLUTE)

    **** No section assigned to this execution region ****


    Execution Region RW_IRAM2 (Exec base: 0x24000000, Load base: 0x08006dac, Size: 0x00004d58, Max: 0x00080000, ABSOLUTE)

    Exec Addr    Load Addr    Size         Type   Attr      Idx    E Section Name        Object

    0x24000000   0x08006dac   0x00000006   Data   RW           15    .data               pushbutton.o
    0x24000006   0x08006db2   0x00000006   Data   RW           16    .data               pushbutton.o
    0x2400000c   0x08006db8   0x00000006   Data   RW           17    .data               pushbutton.o
    0x24000012   0x08006dbe   0x00000006   Data   RW           18    .data               pushbutton.o
    0x24000018   0x08006dc4   0x00000006   Data   RW           19    .data               pushbutton.o
    0x2400001e   0x08006dca   0x00000002   PAD
    0x24000020   0x08006dcc   0x00000014   Data   RW          340    .data               freertos.o
    0x24000034   0x08006de0   0x0000000c   Data   RW         2815    .data               stm32h7xx_hal.o
    0x24000040   0x08006dec   0x00000008   Data   RW         5554    .data               system_stm32h7xx.o
    0x24000048   0x08006df4   0x0000003c   Data   RW         6103    .data               tasks.o
    0x24000084   0x08006e30   0x00000020   Data   RW         6747    .data               heap_4.o
    0x240000a4   0x08006e50   0x0000000c   Data   RW         6815    .data               port.o
    0x240000b0   0x08006e5c   0x00000004   Data   RW         7172    .data               mc_w.l(stdout.o)
    0x240000b4        -       0x00000254   Zero   RW          337    .bss                freertos.o
    0x24000308        -       0x00000064   Zero   RW          406    .bss                adc.o
    0x2400036c        -       0x000000a8   Zero   RW          449    .bss                i2c.o
    0x24000414        -       0x000002e4   Zero   RW          501    .bss                usart.o
    0x240006f8        -       0x00000088   Zero   RW          572    .bss                spi.o
    0x24000780        -       0x00000098   Zero   RW          618    .bss                tim.o
    0x24000818        -       0x0000004c   Zero   RW          768    .bss                stm32h7xx_hal_timebase_tim.o
    0x24000864        -       0x000000f0   Zero   RW         6102    .bss                tasks.o
    0x24000954        -       0x00003c00   Zero   RW         6746    .bss                heap_4.o
    0x24004554   0x08006e60   0x00000004   PAD
    0x24004558        -       0x00000800   Zero   RW            1    STACK               startup_stm32h743xx.o


==============================================================================

Image component sizes


      Code (inc. data)   RO Data    RW Data    ZI Data      Debug   Object Name

       276         28          0          0        100       2029   adc.o
       410          8          0          0          0      32237   cmsis_os.o
         0          0          0          0          0      20024   event_groups.o
       364         58        164         20        596       4734   freertos.o
       328         26          0          0          0       1267   gpio.o
       472         24          0         32      15360       7755   heap_4.o
       460         48          0          0        168       2758   i2c.o
       138          0          0          0          0       3778   list.o
       550         38          0          0          0      39684   main.o
       786         80          0         12          0      12193   port.o
       308        110          0         30          0    1384703   pushbutton.o
      1616         14          0          0          0      18429   queue.o
       224         22          0          0        136       1945   spi.o
        36          8        664          0       2048        852   startup_stm32h743xx.o
       132         32          0         12          0      22201   stm32h7xx_hal.o
      1842        148          0          0          0      69196   stm32h7xx_hal_adc.o
       296         22          0          0          0      63231   stm32h7xx_hal_adc_ex.o
       306         30          0          0          0      41116   stm32h7xx_hal_cortex.o
       512         50          0          0          0       3772   stm32h7xx_hal_gpio.o
       188          4          0          0          0       3403   stm32h7xx_hal_i2c.o
       168          0          0          0          0       2091   stm32h7xx_hal_i2c_ex.o
        36          4          0          0          0        986   stm32h7xx_hal_msp.o
        80          4          0          0          0        809   stm32h7xx_hal_pwr_ex.o
      2554        136          0          0          0       8161   stm32h7xx_hal_rcc.o
      4768        182          0          0          0      10975   stm32h7xx_hal_rcc_ex.o
       368         12          0          0          0       1735   stm32h7xx_hal_spi.o
      2918        260          0          0          0      22391   stm32h7xx_hal_tim.o
       170         28          0          0          0       3472   stm32h7xx_hal_tim_ex.o
       132         22          0          0         76       1636   stm32h7xx_hal_timebase_tim.o
      1806        110         24          0          0      27190   stm32h7xx_hal_uart.o
       282          6         16          0          0       3889   stm32h7xx_hal_uart_ex.o
        24          6          0          0          0       3380   stm32h7xx_it.o
         0          0          0          0          0        392   stream_buffer.o
       220         40         16          8          0       1502   system_stm32h7xx.o
      2008        148          0         60        240      25758   tasks.o
       560         42          0          0        152       4087   tim.o
      1044         92          0          0        740       6955   usart.o

    ----------------------------------------------------------------------
     26420       1842        916        176      19620    1860716   Object Totals
         0          0         32          0          0          0   (incl. Generated)
        38          0          0          2          4          0   (incl. Padding)

    ----------------------------------------------------------------------

      Code (inc. data)   RO Data    RW Data    ZI Data      Debug   Library Member Name

         0          0          0          0          0          0   entry.o
         0          0          0          0          0          0   entry10a.o
         0          0          0          0          0          0   entry11a.o
         4          0          0          0          0          0   entry12b.o
         8          4          0          0          0          0   entry2.o
         4          0          0          0          0          0   entry5.o
         0          0          0          0          0          0   entry7b.o
         0          0          0          0          0          0   entry8b.o
         8          4          0          0          0          0   entry9a.o
        30          0          0          0          0          0   handlers.o
        36          8          0          0          0         68   init.o
        30          0          0          0          0         68   llshl.o
        32          0          0          0          0         68   llushr.o
        36          0          0          0          0         68   memcpya.o
        36          0          0          0          0        108   memseta.o
       372         14          0          0          0        184   printf1.o
         0          0          0          4          0          0   stdout.o
        44          0          0          0          0         80   uidiv.o
        98          0          0          0          0         92   uldiv.o

    ----------------------------------------------------------------------
       740         30          0          4          0        736   Library Totals
         2          0          0          0          0          0   (incl. Padding)

    ----------------------------------------------------------------------

      Code (inc. data)   RO Data    RW Data    ZI Data      Debug   Library Name

       738         30          0          4          0        736   mc_w.l

    ----------------------------------------------------------------------
       740         30          0          4          0        736   Library Totals

    ----------------------------------------------------------------------

==============================================================================


      Code (inc. data)   RO Data    RW Data    ZI Data      Debug   

     27160       1872        916        180      19620    1843644   Grand Totals
     27160       1872        916        180      19620    1843644   ELF Image Totals
     27160       1872        916        180          0          0   ROM Totals

==============================================================================

    Total RO  Size (Code + RO Data)                28076 (  27.42kB)
    Total RW  Size (RW Data + ZI Data)             19800 (  19.34kB)
    Total ROM Size (Code + RO Data + RW Data)      28256 (  27.59kB)

==============================================================================

